Component: ARM Compiler 5.06 update 7 (build 960) Tool: armlink [4d3601]

==============================================================================

Section Cross References

    startup_stm32f103xb.o(RESET) refers to startup_stm32f103xb.o(STACK) for __initial_sp
    startup_stm32f103xb.o(RESET) refers to startup_stm32f103xb.o(.text) for Reset_Handler
    startup_stm32f103xb.o(RESET) refers to stm32f1xx_it.o(i.NMI_Handler) for NMI_Handler
    startup_stm32f103xb.o(RESET) refers to stm32f1xx_it.o(i.HardFault_Handler) for HardFault_Handler
    startup_stm32f103xb.o(RESET) refers to stm32f1xx_it.o(i.MemManage_Handler) for MemManage_Handler
    startup_stm32f103xb.o(RESET) refers to stm32f1xx_it.o(i.BusFault_Handler) for BusFault_Handler
    startup_stm32f103xb.o(RESET) refers to stm32f1xx_it.o(i.UsageFault_Handler) for UsageFault_Handler
    startup_stm32f103xb.o(RESET) refers to stm32f1xx_it.o(i.SVC_Handler) for SVC_Handler
    startup_stm32f103xb.o(RESET) refers to stm32f1xx_it.o(i.DebugMon_Handler) for DebugMon_Handler
    startup_stm32f103xb.o(RESET) refers to stm32f1xx_it.o(i.PendSV_Handler) for PendSV_Handler
    startup_stm32f103xb.o(RESET) refers to stm32f1xx_it.o(i.SysTick_Handler) for SysTick_Handler
    startup_stm32f103xb.o(RESET) refers to stm32f1xx_it.o(i.DMA1_Channel1_IRQHandler) for DMA1_Channel1_IRQHandler
    startup_stm32f103xb.o(RESET) refers to stm32f1xx_it.o(i.DMA1_Channel3_IRQHandler) for DMA1_Channel3_IRQHandler
    startup_stm32f103xb.o(RESET) refers to stm32f1xx_it.o(i.ADC1_2_IRQHandler) for ADC1_2_IRQHandler
    startup_stm32f103xb.o(RESET) refers to stm32f1xx_it.o(i.USB_LP_CAN1_RX0_IRQHandler) for USB_LP_CAN1_RX0_IRQHandler
    startup_stm32f103xb.o(RESET) refers to stm32f1xx_it.o(i.USART3_IRQHandler) for USART3_IRQHandler
    startup_stm32f103xb.o(.text) refers to system_stm32f1xx.o(i.SystemInit) for SystemInit
    startup_stm32f103xb.o(.text) refers to entry.o(.ARM.Collect$$$$00000000) for __main
    main.o(i.Key_Scan) refers to stm32f1xx_hal_gpio.o(i.HAL_GPIO_ReadPin) for HAL_GPIO_ReadPin
    main.o(i.Key_Scan) refers to tm_stm32_usb_hid_device.o(.bss) for DS4_1
    main.o(i.SystemClock_Config) refers to memseta.o(.text) for __aeabi_memclr4
    main.o(i.SystemClock_Config) refers to stm32f1xx_hal_rcc.o(i.HAL_RCC_OscConfig) for HAL_RCC_OscConfig
    main.o(i.SystemClock_Config) refers to stm32f1xx_hal_rcc.o(i.HAL_RCC_ClockConfig) for HAL_RCC_ClockConfig
    main.o(i.SystemClock_Config) refers to stm32f1xx_hal_rcc_ex.o(i.HAL_RCCEx_PeriphCLKConfig) for HAL_RCCEx_PeriphCLKConfig
    main.o(i.main) refers to stm32f1xx_hal.o(i.HAL_Init) for HAL_Init
    main.o(i.main) refers to main.o(i.SystemClock_Config) for SystemClock_Config
    main.o(i.main) refers to gpio.o(i.MX_GPIO_Init) for MX_GPIO_Init
    main.o(i.main) refers to dma.o(i.MX_DMA_Init) for MX_DMA_Init
    main.o(i.main) refers to usb_device.o(i.MX_USB_DEVICE_Init) for MX_USB_DEVICE_Init
    main.o(i.main) refers to adc.o(i.MX_ADC1_Init) for MX_ADC1_Init
    main.o(i.main) refers to usart.o(i.MX_USART1_UART_Init) for MX_USART1_UART_Init
    main.o(i.main) refers to usart.o(i.MX_USART3_UART_Init) for MX_USART3_UART_Init
    main.o(i.main) refers to stm32f1xx_hal_gpio.o(i.HAL_GPIO_WritePin) for HAL_GPIO_WritePin
    main.o(i.main) refers to stm32f1xx_hal_adc.o(i.HAL_ADC_Start_DMA) for HAL_ADC_Start_DMA
    main.o(i.main) refers to tm_stm32_usb_hid_device.o(i.TM_USB_HIDEVICE_DualShock4_StructInit) for TM_USB_HIDEVICE_DualShock4_StructInit
    main.o(i.main) refers to main.o(i.Key_Scan) for Key_Scan
    main.o(i.main) refers to main.o(i.D_PAD) for D_PAD
    main.o(i.main) refers to stm32f1xx_hal_uart.o(i.HAL_UART_Receive) for HAL_UART_Receive
    main.o(i.main) refers to stm32f1xx_hal_uart.o(i.HAL_UART_Transmit) for HAL_UART_Transmit
    main.o(i.main) refers to stm32f1xx_hal_gpio.o(i.HAL_GPIO_TogglePin) for HAL_GPIO_TogglePin
    main.o(i.main) refers to tm_stm32_usb_hid_device.o(i.TM_USB_HIDDEVICE_DualShock4_Send) for TM_USB_HIDDEVICE_DualShock4_Send
    main.o(i.main) refers to main.o(.bss) for .bss
    main.o(i.main) refers to adc.o(.bss) for hadc1
    main.o(i.main) refers to tm_stm32_usb_hid_device.o(.bss) for DS4_1
    main.o(i.main) refers to main.o(.data) for .data
    main.o(i.main) refers to usart.o(.bss) for huart3
    gpio.o(i.MX_GPIO_Init) refers to stm32f1xx_hal_gpio.o(i.HAL_GPIO_WritePin) for HAL_GPIO_WritePin
    gpio.o(i.MX_GPIO_Init) refers to stm32f1xx_hal_gpio.o(i.HAL_GPIO_Init) for HAL_GPIO_Init
    adc.o(i.HAL_ADC_MspDeInit) refers to stm32f1xx_hal_gpio.o(i.HAL_GPIO_DeInit) for HAL_GPIO_DeInit
    adc.o(i.HAL_ADC_MspDeInit) refers to stm32f1xx_hal_dma.o(i.HAL_DMA_DeInit) for HAL_DMA_DeInit
    adc.o(i.HAL_ADC_MspDeInit) refers to stm32f1xx_hal_cortex.o(i.HAL_NVIC_DisableIRQ) for HAL_NVIC_DisableIRQ
    adc.o(i.HAL_ADC_MspInit) refers to stm32f1xx_hal_gpio.o(i.HAL_GPIO_Init) for HAL_GPIO_Init
    adc.o(i.HAL_ADC_MspInit) refers to stm32f1xx_hal_dma.o(i.HAL_DMA_Init) for HAL_DMA_Init
[...]
    ..\Drivers\STM32F1xx_HAL_Driver\Src\stm32f1xx_hal_cortex.c 0x00000000   Number         0  stm32f1xx_hal_cortex.o ABSOLUTE
    ..\Drivers\STM32F1xx_HAL_Driver\Src\stm32f1xx_hal_dma.c 0x00000000   Number         0  stm32f1xx_hal_dma.o ABSOLUTE
    ..\Drivers\STM32F1xx_HAL_Driver\Src\stm32f1xx_hal_exti.c 0x00000000   Number         0  stm32f1xx_hal_exti.o ABSOLUTE
    ..\Drivers\STM32F1xx_HAL_Driver\Src\stm32f1xx_hal_flash.c 0x00000000   Number         0  stm32f1xx_hal_flash.o ABSOLUTE
    ..\Drivers\STM32F1xx_HAL_Driver\Src\stm32f1xx_hal_flash_ex.c 0x00000000   Number         0  stm32f1xx_hal_flash_ex.o ABSOLUTE
    ..\Drivers\STM32F1xx_HAL_Driver\Src\stm32f1xx_hal_gpio.c 0x00000000   Number         0  stm32f1xx_hal_gpio.o ABSOLUTE
    ..\Drivers\STM32F1xx_HAL_Driver\Src\stm32f1xx_hal_gpio_ex.c 0x00000000   Number         0  stm32f1xx_hal_gpio_ex.o ABSOLUTE
    ..\Drivers\STM32F1xx_HAL_Driver\Src\stm32f1xx_hal_pcd.c 0x00000000   Number         0  stm32f1xx_hal_pcd.o ABSOLUTE
    ..\Drivers\STM32F1xx_HAL_Driver\Src\stm32f1xx_hal_pcd_ex.c 0x00000000   Number         0  stm32f1xx_hal_pcd_ex.o ABSOLUTE
    ..\Drivers\STM32F1xx_HAL_Driver\Src\stm32f1xx_hal_pwr.c 0x00000000   Number         0  stm32f1xx_hal_pwr.o ABSOLUTE
    ..\Drivers\STM32F1xx_HAL_Driver\Src\stm32f1xx_hal_rcc.c 0x00000000   Number         0  stm32f1xx_hal_rcc.o ABSOLUTE
    ..\Drivers\STM32F1xx_HAL_Driver\Src\stm32f1xx_hal_rcc_ex.c 0x00000000   Number         0  stm32f1xx_hal_rcc_ex.o ABSOLUTE
    ..\Drivers\STM32F1xx_HAL_Driver\Src\stm32f1xx_hal_tim.c 0x00000000   Number         0  stm32f1xx_hal_tim.o ABSOLUTE
    ..\Drivers\STM32F1xx_HAL_Driver\Src\stm32f1xx_hal_tim_ex.c 0x00000000   Number         0  stm32f1xx_hal_tim_ex.o ABSOLUTE
    ..\Drivers\STM32F1xx_HAL_Driver\Src\stm32f1xx_hal_uart.c 0x00000000   Number         0  stm32f1xx_hal_uart.o ABSOLUTE
    ..\Drivers\STM32F1xx_HAL_Driver\Src\stm32f1xx_ll_usb.c 0x00000000   Number         0  stm32f1xx_ll_usb.o ABSOLUTE
    ..\Middlewares\ST\STM32_USB_Device_Library\Class\CustomHID\Src\usbd_customhid.c 0x00000000   Number         0  usbd_customhid.o ABSOLUTE
    ..\Middlewares\ST\STM32_USB_Device_Library\Core\Src\usbd_core.c 0x00000000   Number         0  usbd_core.o ABSOLUTE
    ..\Middlewares\ST\STM32_USB_Device_Library\Core\Src\usbd_ctlreq.c 0x00000000   Number         0  usbd_ctlreq.o ABSOLUTE
    ..\Middlewares\ST\STM32_USB_Device_Library\Core\Src\usbd_ioreq.c 0x00000000   Number         0  usbd_ioreq.o ABSOLUTE
    ..\USB_DEVICE\App\usb_device.c           0x00000000   Number         0  usb_device.o ABSOLUTE
    ..\USB_DEVICE\App\usbd_custom_hid_if.c   0x00000000   Number         0  usbd_custom_hid_if.o ABSOLUTE
    ..\USB_DEVICE\App\usbd_desc.c            0x00000000   Number         0  usbd_desc.o ABSOLUTE
    ..\USB_DEVICE\Target\usbd_conf.c         0x00000000   Number         0  usbd_conf.o ABSOLUTE
    ..\USER\tm_stm32_usb_hid_device.c        0x00000000   Number         0  tm_stm32_usb_hid_device.o ABSOLUTE
    ..\\USER\\tm_stm32_usb_hid_device.c      0x00000000   Number         0  tm_stm32_usb_hid_device.o ABSOLUTE
    dc.s                                     0x00000000   Number         0  dc.o ABSOLUTE
    handlers.s                               0x00000000   Number         0  handlers.o ABSOLUTE
    init.s                                   0x00000000   Number         0  init.o ABSOLUTE
    startup_stm32f103xb.s                    0x00000000   Number         0  startup_stm32f103xb.o ABSOLUTE
    RESET                                    0x08000000   Section      236  startup_stm32f103xb.o(RESET)
    .ARM.Collect$$$$00000000                 0x080000ec   Section        0  entry.o(.ARM.Collect$$$$00000000)
    .ARM.Collect$$$$00000001                 0x080000ec   Section        4  entry2.o(.ARM.Collect$$$$00000001)
    .ARM.Collect$$$$00000004                 0x080000f0   Section        4  entry5.o(.ARM.Collect$$$$00000004)
    .ARM.Collect$$$$00000008                 0x080000f4   Section        0  entry7b.o(.ARM.Collect$$$$00000008)
    .ARM.Collect$$$$0000000A                 0x080000f4   Section        0  entry8b.o(.ARM.Collect$$$$0000000A)
    .ARM.Collect$$$$0000000B                 0x080000f4   Section        8  entry9a.o(.ARM.Collect$$$$0000000B)
    .ARM.Collect$$$$0000000E                 0x080000fc   Section        4  entry12b.o(.ARM.Collect$$$$0000000E)
    .ARM.Collect$$$$0000000F                 0x08000100   Section        0  entry10a.o(.ARM.Collect$$$$0000000F)
    .ARM.Collect$$$$00000011                 0x08000100   Section        0  entry11a.o(.ARM.Collect$$$$00000011)
    .ARM.Collect$$$$00002712                 0x08000100   Section        4  entry2.o(.ARM.Collect$$$$00002712)
    __lit__00000000                          0x08000100   Data           4  entry2.o(.ARM.Collect$$$$00002712)
    .text                                    0x08000104   Section       36  startup_stm32f103xb.o(.text)
    .text                                    0x08000128   Section        0  memcpya.o(.text)
    .text                                    0x0800014c   Section        0  memseta.o(.text)
    .text                                    0x08000170   Section       36  init.o(.text)
    .text                                    0x08000194   Section        0  __dczerorl2.o(.text)
    i.ADC1_2_IRQHandler                      0x080001ec   Section        0  stm32f1xx_it.o(i.ADC1_2_IRQHandler)
    i.ADC_ConversionStop_Disable             0x080001f8   Section        0  stm32f1xx_hal_adc.o(i.ADC_ConversionStop_Disable)
    i.ADC_DMAConvCplt                        0x0800024c   Section        0  stm32f1xx_hal_adc.o(i.ADC_DMAConvCplt)
    i.ADC_DMAError                           0x0800029a   Section        0  stm32f1xx_hal_adc.o(i.ADC_DMAError)
    i.ADC_DMAHalfConvCplt                    0x080002b4   Section        0  stm32f1xx_hal_adc.o(i.ADC_DMAHalfConvCplt)
    i.ADC_Enable                             0x080002c0   Section        0  stm32f1xx_hal_adc.o(i.ADC_Enable)
    i.BusFault_Handler                       0x08000338   Section        0  stm32f1xx_it.o(i.BusFault_Handler)
    i.CUSTOM_HID_DeInit_FS                   0x0800033a   Section        0  usbd_custom_hid_if.o(i.CUSTOM_HID_DeInit_FS)
    CUSTOM_HID_DeInit_FS                     0x0800033b   Thumb Code     4  usbd_custom_hid_if.o(i.CUSTOM_HID_DeInit_FS)
    i.CUSTOM_HID_Init_FS                     0x0800033e   Section        0  usbd_custom_hid_if.o(i.CUSTOM_HID_Init_FS)
    CUSTOM_HID_Init_FS                       0x0800033f   Thumb Code     4  usbd_custom_hid_if.o(i.CUSTOM_HID_Init_FS)
    i.CUSTOM_HID_OutEvent_FS                 0x08000342   Section        0  usbd_custom_hid_if.o(i.CUSTOM_HID_OutEvent_FS)
    CUSTOM_HID_OutEvent_FS                   0x08000343   Thumb Code     4  usbd_custom_hid_if.o(i.CUSTOM_HID_OutEvent_FS)
    i.DMA1_Channel1_IRQHandler               0x08000348   Section        0  stm32f1xx_it.o(i.DMA1_Channel1_IRQHandler)
    i.DMA1_Channel3_IRQHandler               0x08000354   Section        0  stm32f1xx_it.o(i.DMA1_Channel3_IRQHandler)
    i.DMA_SetConfig                          0x08000360   Section        0  stm32f1xx_hal_dma.o(i.DMA_SetConfig)
    DMA_SetConfig                            0x08000361   Thumb Code    42  stm32f1xx_hal_dma.o(i.DMA_SetConfig)
    i.D_PAD                                  0x0800038a   Section        0  main.o(i.D_PAD)
    i.DebugMon_Handler                       0x080003dc   Section        0  stm32f1xx_it.o(i.DebugMon_Handler)
    i.Error_Handler                          0x080003de   Section        0  main.o(i.Error_Handler)
    i.HAL_ADCEx_InjectedConvCpltCallback     0x080003e2   Section        0  stm32f1xx_hal_adc_ex.o(i.HAL_ADCEx_InjectedConvCpltCallback)
    i.HAL_ADC_ConfigChannel                  0x080003e4   Section        0  stm32f1xx_hal_adc.o(i.HAL_ADC_ConfigChannel)
    i.HAL_ADC_ConvCpltCallback               0x080004e0   Section        0  stm32f1xx_hal_adc.o(i.HAL_ADC_ConvCpltCallback)
    i.HAL_ADC_ConvHalfCpltCallback           0x080004e2   Section        0  stm32f1xx_hal_adc.o(i.HAL_ADC_ConvHalfCpltCallback)
    i.HAL_ADC_ErrorCallback                  0x080004e4   Section        0  stm32f1xx_hal_adc.o(i.HAL_ADC_ErrorCallback)
    i.HAL_ADC_IRQHandler                     0x080004e6   Section        0  stm32f1xx_hal_adc.o(i.HAL_ADC_IRQHandler)
    i.HAL_ADC_Init                           0x080005cc   Section        0  stm32f1xx_hal_adc.o(i.HAL_ADC_Init)
    i.HAL_ADC_LevelOutOfWindowCallback       0x080006e8   Section        0  stm32f1xx_hal_adc.o(i.HAL_ADC_LevelOutOfWindowCallback)
    i.HAL_ADC_MspInit                        0x080006ec   Section        0  adc.o(i.HAL_ADC_MspInit)
    i.HAL_ADC_Start_DMA                      0x0800078c   Section        0  stm32f1xx_hal_adc.o(i.HAL_ADC_Start_DMA)
    i.HAL_DMA_Abort                          0x08000898   Section        0  stm32f1xx_hal_dma.o(i.HAL_DMA_Abort)
    i.HAL_DMA_Abort_IT                       0x080008e0   Section        0  stm32f1xx_hal_dma.o(i.HAL_DMA_Abort_IT)
    i.HAL_DMA_IRQHandler                     0x08000978   Section        0  stm32f1xx_hal_dma.o(i.HAL_DMA_IRQHandler)
    i.HAL_DMA_Init                           0x08000ad0   Section        0  stm32f1xx_hal_dma.o(i.HAL_DMA_Init)
    i.HAL_DMA_Start_IT                       0x08000b2c   Section        0  stm32f1xx_hal_dma.o(i.HAL_DMA_Start_IT)
    i.HAL_GPIO_Init                          0x08000b9c   Section        0  stm32f1xx_hal_gpio.o(i.HAL_GPIO_Init)
    i.HAL_GPIO_ReadPin                       0x08000d68   Section        0  stm32f1xx_hal_gpio.o(i.HAL_GPIO_ReadPin)
    i.HAL_GPIO_TogglePin                     0x08000d72   Section        0  stm32f1xx_hal_gpio.o(i.HAL_GPIO_TogglePin)
    i.HAL_GPIO_WritePin                      0x08000d82   Section        0  stm32f1xx_hal_gpio.o(i.HAL_GPIO_WritePin)
    i.HAL_GetTick                            0x08000d8c   Section        0  stm32f1xx_hal.o(i.HAL_GetTick)
    i.HAL_IncTick                            0x08000d98   Section        0  stm32f1xx_hal.o(i.HAL_IncTick)
    i.HAL_Init                               0x08000da8   Section        0  stm32f1xx_hal.o(i.HAL_Init)
    i.HAL_InitTick                           0x08000dcc   Section        0  stm32f1xx_hal.o(i.HAL_InitTick)
    i.HAL_MspInit                            0x08000e0c   Section        0  stm32f1xx_hal_msp.o(i.HAL_MspInit)
    i.HAL_NVIC_EnableIRQ                     0x08000e48   Section        0  stm32f1xx_hal_cortex.o(i.HAL_NVIC_EnableIRQ)
    i.HAL_NVIC_SetPriority                   0x08000e64   Section        0  stm32f1xx_hal_cortex.o(i.HAL_NVIC_SetPriority)
    i.HAL_NVIC_SetPriorityGrouping           0x08000ea4   Section        0  stm32f1xx_hal_cortex.o(i.HAL_NVIC_SetPriorityGrouping)
    i.HAL_PCDEx_PMAConfig                    0x08000ec8   Section        0  stm32f1xx_hal_pcd_ex.o(i.HAL_PCDEx_PMAConfig)
    i.HAL_PCDEx_SetConnectionState           0x08000f04   Section        0  usbd_conf.o(i.HAL_PCDEx_SetConnectionState)
    i.HAL_PCD_DataInStageCallback            0x08000f06   Section        0  usbd_conf.o(i.HAL_PCD_DataInStageCallback)
    i.HAL_PCD_DataOutStageCallback           0x08000f18   Section        0  usbd_conf.o(i.HAL_PCD_DataOutStageCallback)
    i.HAL_PCD_EP_Close                       0x08000f2c   Section        0  stm32f1xx_hal_pcd.o(i.HAL_PCD_EP_Close)
    i.HAL_PCD_EP_ClrStall                    0x08000f78   Section        0  stm32f1xx_hal_pcd.o(i.HAL_PCD_EP_ClrStall)
    i.HAL_PCD_EP_DB_Receive                  0x08000fd4   Section        0  stm32f1xx_hal_pcd.o(i.HAL_PCD_EP_DB_Receive)
    HAL_PCD_EP_DB_Receive                    0x08000fd5   Thumb Code   228  stm32f1xx_hal_pcd.o(i.HAL_PCD_EP_DB_Receive)
    i.HAL_PCD_EP_DB_Transmit                 0x080010b8   Section        0  stm32f1xx_hal_pcd.o(i.HAL_PCD_EP_DB_Transmit)
    HAL_PCD_EP_DB_Transmit                   0x080010b9   Thumb Code   812  stm32f1xx_hal_pcd.o(i.HAL_PCD_EP_DB_Transmit)
    i.HAL_PCD_EP_Open                        0x080013e4   Section        0  stm32f1xx_hal_pcd.o(i.HAL_PCD_EP_Open)
    i.HAL_PCD_EP_Receive                     0x08001444   Section        0  stm32f1xx_hal_pcd.o(i.HAL_PCD_EP_Receive)
    i.HAL_PCD_EP_SetStall                    0x08001476   Section        0  stm32f1xx_hal_pcd.o(i.HAL_PCD_EP_SetStall)
    i.HAL_PCD_EP_Transmit                    0x080014e8   Section        0  stm32f1xx_hal_pcd.o(i.HAL_PCD_EP_Transmit)
    i.HAL_PCD_IRQHandler                     0x0800151c   Section        0  stm32f1xx_hal_pcd.o(i.HAL_PCD_IRQHandler)
    i.HAL_PCD_Init                           0x08001670   Section        0  stm32f1xx_hal_pcd.o(i.HAL_PCD_Init)
    i.HAL_PCD_MspInit                        0x08001748   Section        0  usbd_conf.o(i.HAL_PCD_MspInit)
    i.HAL_PCD_ResetCallback                  0x08001784   Section        0  usbd_conf.o(i.HAL_PCD_ResetCallback)
    i.HAL_PCD_ResumeCallback                 0x080017aa   Section        0  usbd_conf.o(i.HAL_PCD_ResumeCallback)
    i.HAL_PCD_SOFCallback                    0x080017b2   Section        0  usbd_conf.o(i.HAL_PCD_SOFCallback)
    i.HAL_PCD_SetAddress                     0x080017ba   Section        0  stm32f1xx_hal_pcd.o(i.HAL_PCD_SetAddress)
    i.HAL_PCD_SetupStageCallback             0x080017e2   Section        0  usbd_conf.o(i.HAL_PCD_SetupStageCallback)
    i.HAL_PCD_Start                          0x080017f0   Section        0  stm32f1xx_hal_pcd.o(i.HAL_PCD_Start)
    i.HAL_PCD_SuspendCallback                0x08001824   Section        0  usbd_conf.o(i.HAL_PCD_SuspendCallback)
    i.HAL_RCCEx_PeriphCLKConfig              0x08001848   Section        0  stm32f1xx_hal_rcc_ex.o(i.HAL_RCCEx_PeriphCLKConfig)
    i.HAL_RCC_ClockConfig                    0x08001930   Section        0  stm32f1xx_hal_rcc.o(i.HAL_RCC_ClockConfig)
    i.HAL_RCC_GetPCLK1Freq                   0x08001a68   Section        0  stm32f1xx_hal_rcc.o(i.HAL_RCC_GetPCLK1Freq)
    i.HAL_RCC_GetPCLK2Freq                   0x08001a88   Section        0  stm32f1xx_hal_rcc.o(i.HAL_RCC_GetPCLK2Freq)
    i.HAL_RCC_GetSysClockFreq                0x08001aa8   Section        0  stm32f1xx_hal_rcc.o(i.HAL_RCC_GetSysClockFreq)
    i.HAL_RCC_OscConfig                      0x08001b14   Section        0  stm32f1xx_hal_rcc.o(i.HAL_RCC_OscConfig)
    i.HAL_SYSTICK_Config                     0x08001e2c   Section        0  stm32f1xx_hal_cortex.o(i.HAL_SYSTICK_Config)
    i.HAL_UARTEx_RxEventCallback             0x08001e54   Section        0  stm32f1xx_hal_uart.o(i.HAL_UARTEx_RxEventCallback)
    i.HAL_UART_ErrorCallback                 0x08001e56   Section        0  stm32f1xx_hal_uart.o(i.HAL_UART_ErrorCallback)
    i.HAL_UART_IRQHandler                    0x08001e58   Section        0  stm32f1xx_hal_uart.o(i.HAL_UART_IRQHandler)
    i.HAL_UART_Init                          0x08002064   Section        0  stm32f1xx_hal_uart.o(i.HAL_UART_Init)
    i.HAL_UART_MspInit                       0x080020c8   Section        0  usart.o(i.HAL_UART_MspInit)
    i.HAL_UART_Receive                       0x080021c8   Section        0  stm32f1xx_hal_uart.o(i.HAL_UART_Receive)
    i.HAL_UART_RxCpltCallback                0x0800228c   Section        0  stm32f1xx_hal_uart.o(i.HAL_UART_RxCpltCallback)
    i.HAL_UART_Transmit                      0x0800228e   Section        0  stm32f1xx_hal_uart.o(i.HAL_UART_Transmit)
    i.HAL_UART_TxCpltCallback                0x0800233e   Section        0  stm32f1xx_hal_uart.o(i.HAL_UART_TxCpltCallback)
    i.HardFault_Handler                      0x08002340   Section        0  stm32f1xx_it.o(i.HardFault_Handler)
    i.IntToUnicode                           0x08002342   Section        0  usbd_desc.o(i.IntToUnicode)
    IntToUnicode                             0x08002343   Thumb Code    54  usbd_desc.o(i.IntToUnicode)
    i.Key_Scan                               0x08002378   Section        0  main.o(i.Key_Scan)
    i.MX_ADC1_Init                           0x08002484   Section        0  adc.o(i.MX_ADC1_Init)
    i.MX_DMA_Init                            0x08002538   Section        0  dma.o(i.MX_DMA_Init)
    i.MX_GPIO_Init                           0x08002574   Section        0  gpio.o(i.MX_GPIO_Init)
    i.MX_USART1_UART_Init                    0x0800261c   Section        0  usart.o(i.MX_USART1_UART_Init)
    i.MX_USART3_UART_Init                    0x08002654   Section        0  usart.o(i.MX_USART3_UART_Init)
    i.MX_USB_DEVICE_Init                     0x0800268c   Section        0  usb_device.o(i.MX_USB_DEVICE_Init)
    i.MemManage_Handler                      0x080026e0   Section        0  stm32f1xx_it.o(i.MemManage_Handler)
    i.NMI_Handler                            0x080026e2   Section        0  stm32f1xx_it.o(i.NMI_Handler)
    i.PCD_EP_ISR_Handler                     0x080026e4   Section        0  stm32f1xx_hal_pcd.o(i.PCD_EP_ISR_Handler)
    PCD_EP_ISR_Handler                       0x080026e5   Thumb Code   768  stm32f1xx_hal_pcd.o(i.PCD_EP_ISR_Handler)
    i.PendSV_Handler                         0x080029e4   Section        0  stm32f1xx_it.o(i.PendSV_Handler)
    i.SVC_Handler                            0x080029e6   Section        0  stm32f1xx_it.o(i.SVC_Handler)
    i.SysTick_Handler                        0x080029e8   Section        0  stm32f1xx_it.o(i.SysTick_Handler)
    i.SystemClock_Config                     0x080029ec   Section        0  main.o(i.SystemClock_Config)
    i.SystemInit                             0x08002a68   Section        0  system_stm32f1xx.o(i.SystemInit)
    i.TM_USB_HIDDEVICE_DualShock4_Send       0x08002a6c   Section        0  tm_stm32_usb_hid_device.o(i.TM_USB_HIDDEVICE_DualShock4_Send)
    i.TM_USB_HIDEVICE_DualShock4_StructInit  0x08002b3c   Section        0  tm_stm32_usb_hid_device.o(i.TM_USB_HIDEVICE_DualShock4_StructInit)
    i.UART_DMAAbortOnError                   0x08002b80   Section        0  stm32f1xx_hal_uart.o(i.UART_DMAAbortOnError)
    UART_DMAAbortOnError                     0x08002b81   Thumb Code    16  stm32f1xx_hal_uart.o(i.UART_DMAAbortOnError)
    i.UART_EndRxTransfer                     0x08002b90   Section        0  stm32f1xx_hal_uart.o(i.UART_EndRxTransfer)
    UART_EndRxTransfer                       0x08002b91   Thumb Code    48  stm32f1xx_hal_uart.o(i.UART_EndRxTransfer)
    i.UART_Receive_IT                        0x08002bc0   Section        0  stm32f1xx_hal_uart.o(i.UART_Receive_IT)
    UART_Receive_IT                          0x08002bc1   Thumb Code   182  stm32f1xx_hal_uart.o(i.UART_Receive_IT)
    i.UART_SetConfig                         0x08002c78   Section        0  stm32f1xx_hal_uart.o(i.UART_SetConfig)
    UART_SetConfig                           0x08002c79   Thumb Code   178  stm32f1xx_hal_uart.o(i.UART_SetConfig)
    i.UART_WaitOnFlagUntilTimeout            0x08002d30   Section        0  stm32f1xx_hal_uart.o(i.UART_WaitOnFlagUntilTimeout)
    UART_WaitOnFlagUntilTimeout              0x08002d31   Thumb Code    98  stm32f1xx_hal_uart.o(i.UART_WaitOnFlagUntilTimeout)
    i.USART3_IRQHandler                      0x08002d94   Section        0  stm32f1xx_it.o(i.USART3_IRQHandler)
    i.USBD_CUSTOM_HID_DataIn                 0x08002da0   Section        0  usbd_customhid.o(i.USBD_CUSTOM_HID_DataIn)
    USBD_CUSTOM_HID_DataIn                   0x08002da1   Thumb Code    12  usbd_customhid.o(i.USBD_CUSTOM_HID_DataIn)
    i.USBD_CUSTOM_HID_DataOut                0x08002dac   Section        0  usbd_customhid.o(i.USBD_CUSTOM_HID_DataOut)
    USBD_CUSTOM_HID_DataOut                  0x08002dad   Thumb Code    36  usbd_customhid.o(i.USBD_CUSTOM_HID_DataOut)
    i.USBD_CUSTOM_HID_DeInit                 0x08002dd0   Section        0  usbd_customhid.o(i.USBD_CUSTOM_HID_DeInit)
    USBD_CUSTOM_HID_DeInit                   0x08002dd1   Thumb Code    56  usbd_customhid.o(i.USBD_CUSTOM_HID_DeInit)
    i.USBD_CUSTOM_HID_EP0_RxReady            0x08002e08   Section        0  usbd_customhid.o(i.USBD_CUSTOM_HID_EP0_RxReady)
    USBD_CUSTOM_HID_EP0_RxReady              0x08002e09   Thumb Code    34  usbd_customhid.o(i.USBD_CUSTOM_HID_EP0_RxReady)
    i.USBD_CUSTOM_HID_GetDeviceQualifierDesc 0x08002e2c   Section        0  usbd_customhid.o(i.USBD_CUSTOM_HID_GetDeviceQualifierDesc)
    USBD_CUSTOM_HID_GetDeviceQualifierDesc   0x08002e2d   Thumb Code     8  usbd_customhid.o(i.USBD_CUSTOM_HID_GetDeviceQualifierDesc)
    i.USBD_CUSTOM_HID_GetFSCfgDesc           0x08002e38   Section        0  usbd_customhid.o(i.USBD_CUSTOM_HID_GetFSCfgDesc)
    USBD_CUSTOM_HID_GetFSCfgDesc             0x08002e39   Thumb Code     8  usbd_customhid.o(i.USBD_CUSTOM_HID_GetFSCfgDesc)
    i.USBD_CUSTOM_HID_GetHSCfgDesc           0x08002e44   Section        0  usbd_customhid.o(i.USBD_CUSTOM_HID_GetHSCfgDesc)
    USBD_CUSTOM_HID_GetHSCfgDesc             0x08002e45   Thumb Code     8  usbd_customhid.o(i.USBD_CUSTOM_HID_GetHSCfgDesc)
    i.USBD_CUSTOM_HID_GetOtherSpeedCfgDesc   0x08002e50   Section        0  usbd_customhid.o(i.USBD_CUSTOM_HID_GetOtherSpeedCfgDesc)
    USBD_CUSTOM_HID_GetOtherSpeedCfgDesc     0x08002e51   Thumb Code     8  usbd_customhid.o(i.USBD_CUSTOM_HID_GetOtherSpeedCfgDesc)
    i.USBD_CUSTOM_HID_Init                   0x08002e5c   Section        0  usbd_customhid.o(i.USBD_CUSTOM_HID_Init)
    USBD_CUSTOM_HID_Init                     0x08002e5d   Thumb Code    82  usbd_customhid.o(i.USBD_CUSTOM_HID_Init)
    i.USBD_CUSTOM_HID_RegisterInterface      0x08002eae   Section        0  usbd_customhid.o(i.USBD_CUSTOM_HID_RegisterInterface)
    i.USBD_CUSTOM_HID_SendReport             0x08002ebe   Section        0  usbd_customhid.o(i.USBD_CUSTOM_HID_SendReport)
    i.USBD_CUSTOM_HID_Setup                  0x08002ee8   Section        0  usbd_customhid.o(i.USBD_CUSTOM_HID_Setup)
    USBD_CUSTOM_HID_Setup                    0x08002ee9   Thumb Code   222  usbd_customhid.o(i.USBD_CUSTOM_HID_Setup)
    i.USBD_ClrClassConfig                    0x08002fcc   Section        0  usbd_core.o(i.USBD_ClrClassConfig)
    i.USBD_CtlContinueRx                     0x08002fda   Section        0  usbd_ioreq.o(i.USBD_CtlContinueRx)
    i.USBD_CtlContinueSendData               0x08002fea   Section        0  usbd_ioreq.o(i.USBD_CtlContinueSendData)
    i.USBD_CtlError                          0x08002ffa   Section        0  usbd_ctlreq.o(i.USBD_CtlError)
    i.USBD_CtlPrepareRx                      0x08003010   Section        0  usbd_ioreq.o(i.USBD_CtlPrepareRx)
    i.USBD_CtlReceiveStatus                  0x0800302e   Section        0  usbd_ioreq.o(i.USBD_CtlReceiveStatus)
    i.USBD_CtlSendData                       0x08003044   Section        0  usbd_ioreq.o(i.USBD_CtlSendData)
    i.USBD_CtlSendStatus                     0x0800305e   Section        0  usbd_ioreq.o(i.USBD_CtlSendStatus)
    i.USBD_FS_ConfigStrDescriptor            0x08003074   Section        0  usbd_desc.o(i.USBD_FS_ConfigStrDescriptor)
    i.USBD_FS_DeviceDescriptor               0x0800309c   Section        0  usbd_desc.o(i.USBD_FS_DeviceDescriptor)
    i.USBD_FS_InterfaceStrDescriptor         0x080030a8   Section        0  usbd_desc.o(i.USBD_FS_InterfaceStrDescriptor)
    i.USBD_FS_LangIDStrDescriptor            0x080030d4   Section        0  usbd_desc.o(i.USBD_FS_LangIDStrDescriptor)
    i.USBD_FS_ManufacturerStrDescriptor      0x080030e0   Section        0  usbd_desc.o(i.USBD_FS_ManufacturerStrDescriptor)
    i.USBD_FS_ProductStrDescriptor           0x08003108   Section        0  usbd_desc.o(i.USBD_FS_ProductStrDescriptor)
    i.USBD_FS_SerialStrDescriptor            0x0800313c   Section        0  usbd_desc.o(i.USBD_FS_SerialStrDescriptor)
    i.USBD_GetDescriptor                     0x08003174   Section        0  usbd_ctlreq.o(i.USBD_GetDescriptor)
    USBD_GetDescriptor                       0x08003175   Thumb Code   232  usbd_ctlreq.o(i.USBD_GetDescriptor)
    i.USBD_GetString                         0x0800325c   Section        0  usbd_ctlreq.o(i.USBD_GetString)
    i.USBD_Get_USB_Status                    0x080032a4   Section        0  usbd_conf.o(i.USBD_Get_USB_Status)
    USBD_Get_USB_Status                      0x080032a5   Thumb Code    24  usbd_conf.o(i.USBD_Get_USB_Status)
    i.USBD_Init                              0x080032bc   Section        0  usbd_core.o(i.USBD_Init)
    i.USBD_LL_ClearStallEP                   0x080032e6   Section        0  usbd_conf.o(i.USBD_LL_ClearStallEP)
    i.USBD_LL_CloseEP                        0x080032f8   Section        0  usbd_conf.o(i.USBD_LL_CloseEP)
    i.USBD_LL_DataInStage                    0x0800330a   Section        0  usbd_core.o(i.USBD_LL_DataInStage)
    i.USBD_LL_DataOutStage                   0x080033d0   Section        0  usbd_core.o(i.USBD_LL_DataOutStage)
    i.USBD_LL_Init                           0x08003454   Section        0  usbd_conf.o(i.USBD_LL_Init)
    i.USBD_LL_IsStallEP                      0x080034c4   Section        0  usbd_conf.o(i.USBD_LL_IsStallEP)
    i.USBD_LL_OpenEP                         0x080034e4   Section        0  usbd_conf.o(i.USBD_LL_OpenEP)
    i.USBD_LL_PrepareReceive                 0x080034fc   Section        0  usbd_conf.o(i.USBD_LL_PrepareReceive)
    i.USBD_LL_Reset                          0x0800350e   Section        0  usbd_core.o(i.USBD_LL_Reset)
    i.USBD_LL_Resume                         0x0800355e   Section        0  usbd_core.o(i.USBD_LL_Resume)
    i.USBD_LL_SOF                            0x08003572   Section        0  usbd_core.o(i.USBD_LL_SOF)
    i.USBD_LL_SetSpeed                       0x0800358a   Section        0  usbd_core.o(i.USBD_LL_SetSpeed)
    i.USBD_LL_SetUSBAddress                  0x08003590   Section        0  usbd_conf.o(i.USBD_LL_SetUSBAddress)
    i.USBD_LL_SetupStage                     0x080035a2   Section        0  usbd_core.o(i.USBD_LL_SetupStage)
    i.USBD_LL_StallEP                        0x080035fc   Section        0  usbd_conf.o(i.USBD_LL_StallEP)
    i.USBD_LL_Start                          0x0800360e   Section        0  usbd_conf.o(i.USBD_LL_Start)
    i.USBD_LL_Suspend                        0x08003620   Section        0  usbd_core.o(i.USBD_LL_Suspend)
    i.USBD_LL_Transmit                       0x08003632   Section        0  usbd_conf.o(i.USBD_LL_Transmit)
    i.USBD_ParseSetupRequest                 0x08003644   Section        0  usbd_ctlreq.o(i.USBD_ParseSetupRequest)
    i.USBD_RegisterClass                     0x0800366c   Section        0  usbd_core.o(i.USBD_RegisterClass)
    i.USBD_SetClassConfig                    0x0800367c   Section        0  usbd_core.o(i.USBD_SetClassConfig)
    i.USBD_SetConfig                         0x08003694   Section        0  usbd_ctlreq.o(i.USBD_SetConfig)
    USBD_SetConfig                           0x08003695   Thumb Code   128  usbd_ctlreq.o(i.USBD_SetConfig)
    i.USBD_Start                             0x08003718   Section        0  usbd_core.o(i.USBD_Start)
    i.USBD_StdDevReq                         0x08003722   Section        0  usbd_ctlreq.o(i.USBD_StdDevReq)
    i.USBD_StdEPReq                          0x08003834   Section        0  usbd_ctlreq.o(i.USBD_StdEPReq)
    i.USBD_StdItfReq                         0x08003984   Section        0  usbd_ctlreq.o(i.USBD_StdItfReq)
    i.USBD_static_free                       0x080039d2   Section        0  usbd_conf.o(i.USBD_static_free)
    i.USBD_static_malloc                     0x080039d4   Section        0  usbd_conf.o(i.USBD_static_malloc)
    i.USB_ActivateEndpoint                   0x080039dc   Section        0  stm32f1xx_ll_usb.o(i.USB_ActivateEndpoint)
    i.USB_CoreInit                           0x08003c4e   Section        0  stm32f1xx_ll_usb.o(i.USB_CoreInit)
    i.USB_DeactivateEndpoint                 0x08003c52   Section        0  stm32f1xx_ll_usb.o(i.USB_DeactivateEndpoint)
    i.USB_DevConnect                         0x08003d62   Section        0  stm32f1xx_ll_usb.o(i.USB_DevConnect)
    i.USB_DevDisconnect                      0x08003d66   Section        0  stm32f1xx_ll_usb.o(i.USB_DevDisconnect)
    i.USB_DevInit                            0x08003d6a   Section        0  stm32f1xx_ll_usb.o(i.USB_DevInit)
    i.USB_DisableGlobalInt                   0x08003d7c   Section        0  stm32f1xx_ll_usb.o(i.USB_DisableGlobalInt)
    i.USB_EP0_OutStart                       0x08003d8a   Section        0  stm32f1xx_ll_usb.o(i.USB_EP0_OutStart)
    i.USB_EPClearStall                       0x08003d8e   Section        0  stm32f1xx_ll_usb.o(i.USB_EPClearStall)
    i.USB_EPSetStall                         0x08003e02   Section        0  stm32f1xx_ll_usb.o(i.USB_EPSetStall)
    i.USB_EPStartXfer                        0x08003e34   Section        0  stm32f1xx_ll_usb.o(i.USB_EPStartXfer)
    i.USB_EnableGlobalInt                    0x0800443c   Section        0  stm32f1xx_ll_usb.o(i.USB_EnableGlobalInt)
    i.USB_LP_CAN1_RX0_IRQHandler             0x08004450   Section        0  stm32f1xx_it.o(i.USB_LP_CAN1_RX0_IRQHandler)
    i.USB_ReadInterrupts                     0x0800445c   Section        0  stm32f1xx_ll_usb.o(i.USB_ReadInterrupts)
    i.USB_ReadPMA                            0x08004462   Section        0  stm32f1xx_ll_usb.o(i.USB_ReadPMA)
    i.USB_SetCurrentMode                     0x0800448c   Section        0  stm32f1xx_ll_usb.o(i.USB_SetCurrentMode)
    i.USB_SetDevAddress                      0x08004490   Section        0  stm32f1xx_ll_usb.o(i.USB_SetDevAddress)
    i.USB_WritePMA                           0x0800449c   Section        0  stm32f1xx_ll_usb.o(i.USB_WritePMA)
    i.UsageFault_Handler                     0x080044c2   Section        0  stm32f1xx_it.o(i.UsageFault_Handler)
    i.__NVIC_SetPriority                     0x080044c4   Section        0  stm32f1xx_hal_cortex.o(i.__NVIC_SetPriority)
    __NVIC_SetPriority                       0x080044c5   Thumb Code    32  stm32f1xx_hal_cortex.o(i.__NVIC_SetPriority)
    i.__scatterload_copy                     0x080044e4   Section       14  handlers.o(i.__scatterload_copy)
    i.__scatterload_null                     0x080044f2   Section        2  handlers.o(i.__scatterload_null)
    i.__scatterload_zeroinit                 0x080044f4   Section       14  handlers.o(i.__scatterload_zeroinit)
    i.main                                   0x08004504   Section        0  main.o(i.main)
    .constdata                               0x08004698   Section       16  system_stm32f1xx.o(.constdata)
    .constdata                               0x080046a8   Section        8  system_stm32f1xx.o(.constdata)
    .data                                    0x20000000   Section       20  main.o(.data)
    .data                                    0x20000014   Section       28  usbd_desc.o(.data)
    .data                                    0x20000030   Section       50  usbd_desc.o(.data)
    .data                                    0x20000064   Section      467  usbd_custom_hid_if.o(.data)
    CUSTOM_HID_ReportDesc_FS                 0x20000064   Data         467  usbd_custom_hid_if.o(.data)
    .data                                    0x20000238   Section       16  usbd_custom_hid_if.o(.data)
    .data                                    0x20000248   Section       12  stm32f1xx_hal.o(.data)
    .data                                    0x20000254   Section        4  system_stm32f1xx.o(.data)
    .data                                    0x20000258   Section        1  usbd_ctlreq.o(.data)
    cfgidx                                   0x20000258   Data           1  usbd_ctlreq.o(.data)
    .data                                    0x2000025c   Section       56  usbd_customhid.o(.data)
    .data                                    0x20000294   Section      154  usbd_customhid.o(.data)
    USBD_CUSTOM_HID_CfgFSDesc                0x20000294   Data          41  usbd_customhid.o(.data)
    USBD_CUSTOM_HID_CfgHSDesc                0x200002c0   Data          41  usbd_customhid.o(.data)
    USBD_CUSTOM_HID_OtherSpeedCfgDesc        0x200002ec   Data          41  usbd_customhid.o(.data)
    USBD_CUSTOM_HID_Desc                     0x20000318   Data           9  usbd_customhid.o(.data)
    USBD_CUSTOM_HID_DeviceQualifierDesc      0x20000324   Data          10  usbd_customhid.o(.data)
    .data                                    0x2000032e   Section        8  tm_stm32_usb_hid_device.o(.data)
    buff                                     0x2000032f   Data           7  tm_stm32_usb_hid_device.o(.data)
    .bss                                     0x20000338   Section       12  main.o(.bss)
    .bss                                     0x20000344   Section      116  adc.o(.bss)
    .bss                                     0x200003b8   Section      204  usart.o(.bss)
    .bss                                     0x20000484   Section      708  usb_device.o(.bss)
    .bss                                     0x20000748   Section      512  usbd_desc.o(.bss)
    .bss                                     0x20000948   Section      784  usbd_conf.o(.bss)
    mem                                      0x20000948   Data          36  usbd_conf.o(.bss)
    .bss                                     0x20000c58   Section       64  tm_stm32_usb_hid_device.o(.bss)
    buff                                     0x20000c58   Data          64  tm_stm32_usb_hid_device.o(.bss)
    .bss                                     0x20000c98   Section       44  tm_stm32_usb_hid_device.o(.bss)
    STACK                                    0x20000cc8   Section     1024  startup_stm32f103xb.o(STACK)

    Global Symbols

    Symbol Name                              Value     Ov Type        Size  Object(Section)

    BuildAttributes$$THM_ISAv4$P$D$K$B$S$PE$A:L22UL41UL21$X:L11$S22US41US21$IEEE1$IW$USESV6$~STKCKD$USESV7$~SHL$OSPACE$EBA8$MICROLIB$REQ8$PRES8$EABIv2 0x00000000   Number         0  anon$$obj.o ABSOLUTE
    __ARM_use_no_argv                        0x00000000   Number         0  main.o ABSOLUTE
    __arm_fini_                               - Undefined Weak Reference
    __cpp_initialize__aeabi_                  - Undefined Weak Reference
    __cxa_finalize                            - Undefined Weak Reference
    _clock_init                               - Undefined Weak Reference
    _microlib_exit                            - Undefined Weak Reference
    __Vectors_Size                           0x000000ec   Number         0  startup_stm32f103xb.o ABSOLUTE
    __Vectors                                0x08000000   Data           4  startup_stm32f103xb.o(RESET)
    __Vectors_End                            0x080000ec   Data           0  startup_stm32f103xb.o(RESET)
    __main                                   0x080000ed   Thumb Code     0  entry.o(.ARM.Collect$$$$00000000)
    _main_stk                                0x080000ed   Thumb Code     0  entry2.o(.ARM.Collect$$$$00000001)
    _main_scatterload                        0x080000f1   Thumb Code     0  entry5.o(.ARM.Collect$$$$00000004)
    __main_after_scatterload                 0x080000f5   Thumb Code     0  entry5.o(.ARM.Collect$$$$00000004)
    _main_clock                              0x080000f5   Thumb Code     0  entry7b.o(.ARM.Collect$$$$00000008)
    _main_cpp_init                           0x080000f5   Thumb Code     0  entry8b.o(.ARM.Collect$$$$0000000A)
    _main_init                               0x080000f5   Thumb Code     0  entry9a.o(.ARM.Collect$$$$0000000B)
    __rt_lib_shutdown_fini                   0x080000fd   Thumb Code     0  entry12b.o(.ARM.Collect$$$$0000000E)
    __rt_final_cpp                           0x08000101   Thumb Code     0  entry10a.o(.ARM.Collect$$$$0000000F)
    __rt_final_exit                          0x08000101   Thumb Code     0  entry11a.o(.ARM.Collect$$$$00000011)
    Reset_Handler                            0x08000105   Thumb Code     8  startup_stm32f103xb.o(.text)
    CAN1_RX1_IRQHandler                      0x0800011f   Thumb Code     0  startup_stm32f103xb.o(.text)
    CAN1_SCE_IRQHandler                      0x0800011f   Thumb Code     0  startup_stm32f103xb.o(.text)
    DMA1_Channel2_IRQHandler                 0x0800011f   Thumb Code     0  startup_stm32f103xb.o(.text)
    DMA1_Channel4_IRQHandler                 0x0800011f   Thumb Code     0  startup_stm32f103xb.o(.text)
    DMA1_Channel5_IRQHandler                 0x0800011f   Thumb Code     0  startup_stm32f103xb.o(.text)
    DMA1_Channel6_IRQHandler                 0x0800011f   Thumb Code     0  startup_stm32f103xb.o(.text)
    DMA1_Channel7_IRQHandler                 0x0800011f   Thumb Code     0  startup_stm32f103xb.o(.text)
    EXTI0_IRQHandler                         0x0800011f   Thumb Code     0  startup_stm32f103xb.o(.text)
    EXTI15_10_IRQHandler                     0x0800011f   Thumb Code     0  startup_stm32f103xb.o(.text)
    EXTI1_IRQHandler                         0x0800011f   Thumb Code     0  startup_stm32f103xb.o(.text)
    EXTI2_IRQHandler                         0x0800011f   Thumb Code     0  startup_stm32f103xb.o(.text)
    EXTI3_IRQHandler                         0x0800011f   Thumb Code     0  startup_stm32f103xb.o(.text)
    EXTI4_IRQHandler                         0x0800011f   Thumb Code     0  startup_stm32f103xb.o(.text)
    EXTI9_5_IRQHandler                       0x0800011f   Thumb Code     0  startup_stm32f103xb.o(.text)
    FLASH_IRQHandler                         0x0800011f   Thumb Code     0  startup_stm32f103xb.o(.text)
    I2C1_ER_IRQHandler                       0x0800011f   Thumb Code     0  startup_stm32f103xb.o(.text)
    I2C1_EV_IRQHandler                       0x0800011f   Thumb Code     0  startup_stm32f103xb.o(.text)
    I2C2_ER_IRQHandler                       0x0800011f   Thumb Code     0  startup_stm32f103xb.o(.text)
    I2C2_EV_IRQHandler                       0x0800011f   Thumb Code     0  startup_stm32f103xb.o(.text)
    PVD_IRQHandler                           0x0800011f   Thumb Code     0  startup_stm32f103xb.o(.text)
    RCC_IRQHandler                           0x0800011f   Thumb Code     0  startup_stm32f103xb.o(.text)
    RTC_Alarm_IRQHandler                     0x0800011f   Thumb Code     0  startup_stm32f103xb.o(.text)
    RTC_IRQHandler                           0x0800011f   Thumb Code     0  startup_stm32f103xb.o(.text)
    SPI1_IRQHandler                          0x0800011f   Thumb Code     0  startup_stm32f103xb.o(.text)
    SPI2_IRQHandler                          0x0800011f   Thumb Code     0  startup_stm32f103xb.o(.text)
    TAMPER_IRQHandler                        0x0800011f   Thumb Code     0  startup_stm32f103xb.o(.text)
    TIM1_BRK_IRQHandler                      0x0800011f   Thumb Code     0  startup_stm32f103xb.o(.text)
    TIM1_CC_IRQHandler                       0x0800011f   Thumb Code     0  startup_stm32f103xb.o(.text)
    TIM1_TRG_COM_IRQHandler                  0x0800011f   Thumb Code     0  startup_stm32f103xb.o(.text)
    TIM1_UP_IRQHandler                       0x0800011f   Thumb Code     0  startup_stm32f103xb.o(.text)
    TIM2_IRQHandler                          0x0800011f   Thumb Code     0  startup_stm32f103xb.o(.text)
    TIM3_IRQHandler                          0x0800011f   Thumb Code     0  startup_stm32f103xb.o(.text)
    TIM4_IRQHandler                          0x0800011f   Thumb Code     0  startup_stm32f103xb.o(.text)
    USART1_IRQHandler                        0x0800011f   Thumb Code     0  startup_stm32f103xb.o(.text)
    USART2_IRQHandler                        0x0800011f   Thumb Code     0  startup_stm32f103xb.o(.text)
    USBWakeUp_IRQHandler                     0x0800011f   Thumb Code     0  startup_stm32f103xb.o(.text)
    USB_HP_CAN1_TX_IRQHandler                0x0800011f   Thumb Code     0  startup_stm32f103xb.o(.text)
    WWDG_IRQHandler                          0x0800011f   Thumb Code     0  startup_stm32f103xb.o(.text)
    __aeabi_memcpy                           0x08000129   Thumb Code    36  memcpya.o(.text)
    __aeabi_memcpy4                          0x08000129   Thumb Code     0  memcpya.o(.text)
    __aeabi_memcpy8                          0x08000129   Thumb Code     0  memcpya.o(.text)
    __aeabi_memset                           0x0800014d   Thumb Code    14  memseta.o(.text)
    __aeabi_memset4                          0x0800014d   Thumb Code     0  memseta.o(.text)
    __aeabi_memset8                          0x0800014d   Thumb Code     0  memseta.o(.text)
    __aeabi_memclr                           0x0800015b   Thumb Code     4  memseta.o(.text)
    __aeabi_memclr4                          0x0800015b   Thumb Code     0  memseta.o(.text)
    __aeabi_memclr8                          0x0800015b   Thumb Code     0  memseta.o(.text)
    _memset$wrapper                          0x0800015f   Thumb Code    18  memseta.o(.text)
    __scatterload                            0x08000171   Thumb Code    28  init.o(.text)
    __scatterload_rt2                        0x08000171   Thumb Code     0  init.o(.text)
    __decompress                             0x08000195   Thumb Code     0  __dczerorl2.o(.text)
    __decompress1                            0x08000195   Thumb Code    86  __dczerorl2.o(.text)
    ADC1_2_IRQHandler                        0x080001ed   Thumb Code     6  stm32f1xx_it.o(i.ADC1_2_IRQHandler)
    ADC_ConversionStop_Disable               0x080001f9   Thumb Code    84  stm32f1xx_hal_adc.o(i.ADC_ConversionStop_Disable)
    ADC_DMAConvCplt                          0x0800024d   Thumb Code    78  stm32f1xx_hal_adc.o(i.ADC_DMAConvCplt)
    ADC_DMAError                             0x0800029b   Thumb Code    26  stm32f1xx_hal_adc.o(i.ADC_DMAError)
    ADC_DMAHalfConvCplt                      0x080002b5   Thumb Code    10  stm32f1xx_hal_adc.o(i.ADC_DMAHalfConvCplt)
    ADC_Enable                               0x080002c1   Thumb Code   112  stm32f1xx_hal_adc.o(i.ADC_Enable)
    BusFault_Handler                         0x08000339   Thumb Code     2  stm32f1xx_it.o(i.BusFault_Handler)
    DMA1_Channel1_IRQHandler                 0x08000349   Thumb Code     6  stm32f1xx_it.o(i.DMA1_Channel1_IRQHandler)
    DMA1_Channel3_IRQHandler                 0x08000355   Thumb Code     6  stm32f1xx_it.o(i.DMA1_Channel3_IRQHandler)
    D_PAD                                    0x0800038b   Thumb Code    82  main.o(i.D_PAD)
    DebugMon_Handler                         0x080003dd   Thumb Code     2  stm32f1xx_it.o(i.DebugMon_Handler)
    Error_Handler                            0x080003df   Thumb Code     4  main.o(i.Error_Handler)
    HAL_ADCEx_InjectedConvCpltCallback       0x080003e3   Thumb Code     2  stm32f1xx_hal_adc_ex.o(i.HAL_ADCEx_InjectedConvCpltCallback)
    HAL_ADC_ConfigChannel                    0x080003e5   Thumb Code   240  stm32f1xx_hal_adc.o(i.HAL_ADC_ConfigChannel)
    HAL_ADC_ConvCpltCallback                 0x080004e1   Thumb Code     2  stm32f1xx_hal_adc.o(i.HAL_ADC_ConvCpltCallback)
    HAL_ADC_ConvHalfCpltCallback             0x080004e3   Thumb Code     2  stm32f1xx_hal_adc.o(i.HAL_ADC_ConvHalfCpltCallback)
    HAL_ADC_ErrorCallback                    0x080004e5   Thumb Code     2  stm32f1xx_hal_adc.o(i.HAL_ADC_ErrorCallback)
    HAL_ADC_IRQHandler                       0x080004e7   Thumb Code   230  stm32f1xx_hal_adc.o(i.HAL_ADC_IRQHandler)
    HAL_ADC_Init                             0x080005cd   Thumb Code   270  stm32f1xx_hal_adc.o(i.HAL_ADC_Init)
    HAL_ADC_LevelOutOfWindowCallback         0x080006e9   Thumb Code     2  stm32f1xx_hal_adc.o(i.HAL_ADC_LevelOutOfWindowCallback)
    HAL_ADC_MspInit                          0x080006ed   Thumb Code   138  adc.o(i.HAL_ADC_MspInit)
    HAL_ADC_Start_DMA                        0x0800078d   Thumb Code   246  stm32f1xx_hal_adc.o(i.HAL_ADC_Start_DMA)
    HAL_DMA_Abort                            0x08000899   Thumb Code    70  stm32f1xx_hal_dma.o(i.HAL_DMA_Abort)
    HAL_DMA_Abort_IT                         0x080008e1   Thumb Code   148  stm32f1xx_hal_dma.o(i.HAL_DMA_Abort_IT)
    HAL_DMA_IRQHandler                       0x08000979   Thumb Code   320  stm32f1xx_hal_dma.o(i.HAL_DMA_IRQHandler)
    HAL_DMA_Init                             0x08000ad1   Thumb Code    84  stm32f1xx_hal_dma.o(i.HAL_DMA_Init)
    HAL_DMA_Start_IT                         0x08000b2d   Thumb Code   112  stm32f1xx_hal_dma.o(i.HAL_DMA_Start_IT)
    HAL_GPIO_Init                            0x08000b9d   Thumb Code   426  stm32f1xx_hal_gpio.o(i.HAL_GPIO_Init)
    HAL_GPIO_ReadPin                         0x08000d69   Thumb Code    10  stm32f1xx_hal_gpio.o(i.HAL_GPIO_ReadPin)
    HAL_GPIO_TogglePin                       0x08000d73   Thumb Code    16  stm32f1xx_hal_gpio.o(i.HAL_GPIO_TogglePin)
    HAL_GPIO_WritePin                        0x08000d83   Thumb Code    10  stm32f1xx_hal_gpio.o(i.HAL_GPIO_WritePin)
    HAL_GetTick                              0x08000d8d   Thumb Code     6  stm32f1xx_hal.o(i.HAL_GetTick)
    HAL_IncTick                              0x08000d99   Thumb Code    12  stm32f1xx_hal.o(i.HAL_IncTick)
    HAL_Init                                 0x08000da9   Thumb Code    32  stm32f1xx_hal.o(i.HAL_Init)
    HAL_InitTick                             0x08000dcd   Thumb Code    54  stm32f1xx_hal.o(i.HAL_InitTick)
    HAL_MspInit                              0x08000e0d   Thumb Code    52  stm32f1xx_hal_msp.o(i.HAL_MspInit)
    HAL_NVIC_EnableIRQ                       0x08000e49   Thumb Code    26  stm32f1xx_hal_cortex.o(i.HAL_NVIC_EnableIRQ)
    HAL_NVIC_SetPriority                     0x08000e65   Thumb Code    60  stm32f1xx_hal_cortex.o(i.HAL_NVIC_SetPriority)
    HAL_NVIC_SetPriorityGrouping             0x08000ea5   Thumb Code    26  stm32f1xx_hal_cortex.o(i.HAL_NVIC_SetPriorityGrouping)
    HAL_PCDEx_PMAConfig                      0x08000ec9   Thumb Code    60  stm32f1xx_hal_pcd_ex.o(i.HAL_PCDEx_PMAConfig)
    HAL_PCDEx_SetConnectionState             0x08000f05   Thumb Code     2  usbd_conf.o(i.HAL_PCDEx_SetConnectionState)
    HAL_PCD_DataInStageCallback              0x08000f07   Thumb Code    18  usbd_conf.o(i.HAL_PCD_DataInStageCallback)
    HAL_PCD_DataOutStageCallback             0x08000f19   Thumb Code    20  usbd_conf.o(i.HAL_PCD_DataOutStageCallback)
    HAL_PCD_EP_Close                         0x08000f2d   Thumb Code    76  stm32f1xx_hal_pcd.o(i.HAL_PCD_EP_Close)
    HAL_PCD_EP_ClrStall                      0x08000f79   Thumb Code    92  stm32f1xx_hal_pcd.o(i.HAL_PCD_EP_ClrStall)
    HAL_PCD_EP_Open                          0x080013e5   Thumb Code    96  stm32f1xx_hal_pcd.o(i.HAL_PCD_EP_Open)
    HAL_PCD_EP_Receive                       0x08001445   Thumb Code    50  stm32f1xx_hal_pcd.o(i.HAL_PCD_EP_Receive)
    HAL_PCD_EP_SetStall                      0x08001477   Thumb Code   114  stm32f1xx_hal_pcd.o(i.HAL_PCD_EP_SetStall)
    HAL_PCD_EP_Transmit                      0x080014e9   Thumb Code    52  stm32f1xx_hal_pcd.o(i.HAL_PCD_EP_Transmit)
    HAL_PCD_IRQHandler                       0x0800151d   Thumb Code   340  stm32f1xx_hal_pcd.o(i.HAL_PCD_IRQHandler)
    HAL_PCD_Init                             0x08001671   Thumb Code   216  stm32f1xx_hal_pcd.o(i.HAL_PCD_Init)
    HAL_PCD_MspInit                          0x08001749   Thumb Code    50  usbd_conf.o(i.HAL_PCD_MspInit)
    HAL_PCD_ResetCallback                    0x08001785   Thumb Code    38  usbd_conf.o(i.HAL_PCD_ResetCallback)
    HAL_PCD_ResumeCallback                   0x080017ab   Thumb Code     8  usbd_conf.o(i.HAL_PCD_ResumeCallback)
    HAL_PCD_SOFCallback                      0x080017b3   Thumb Code     8  usbd_conf.o(i.HAL_PCD_SOFCallback)
    HAL_PCD_SetAddress                       0x080017bb   Thumb Code    40  stm32f1xx_hal_pcd.o(i.HAL_PCD_SetAddress)
    HAL_PCD_SetupStageCallback               0x080017e3   Thumb Code    14  usbd_conf.o(i.HAL_PCD_SetupStageCallback)
    HAL_PCD_Start                            0x080017f1   Thumb Code    50  stm32f1xx_hal_pcd.o(i.HAL_PCD_Start)
    HAL_PCD_SuspendCallback                  0x08001825   Thumb Code    30  usbd_conf.o(i.HAL_PCD_SuspendCallback)
    HAL_RCCEx_PeriphCLKConfig                0x08001849   Thumb Code   220  stm32f1xx_hal_rcc_ex.o(i.HAL_RCCEx_PeriphCLKConfig)
    HAL_RCC_ClockConfig                      0x08001931   Thumb Code   292  stm32f1xx_hal_rcc.o(i.HAL_RCC_ClockConfig)
    HAL_RCC_GetPCLK1Freq                     0x08001a69   Thumb Code    20  stm32f1xx_hal_rcc.o(i.HAL_RCC_GetPCLK1Freq)
    HAL_RCC_GetPCLK2Freq                     0x08001a89   Thumb Code    20  stm32f1xx_hal_rcc.o(i.HAL_RCC_GetPCLK2Freq)
    HAL_RCC_GetSysClockFreq                  0x08001aa9   Thumb Code    74  stm32f1xx_hal_rcc.o(i.HAL_RCC_GetSysClockFreq)
    HAL_RCC_OscConfig                        0x08001b15   Thumb Code   770  stm32f1xx_hal_rcc.o(i.HAL_RCC_OscConfig)
    HAL_SYSTICK_Config                       0x08001e2d   Thumb Code    40  stm32f1xx_hal_cortex.o(i.HAL_SYSTICK_Config)
    HAL_UARTEx_RxEventCallback               0x08001e55   Thumb Code     2  stm32f1xx_hal_uart.o(i.HAL_UARTEx_RxEventCallback)
    HAL_UART_ErrorCallback                   0x08001e57   Thumb Code     2  stm32f1xx_hal_uart.o(i.HAL_UART_ErrorCallback)
    HAL_UART_IRQHandler                      0x08001e59   Thumb Code   520  stm32f1xx_hal_uart.o(i.HAL_UART_IRQHandler)
    HAL_UART_Init                            0x08002065   Thumb Code    98  stm32f1xx_hal_uart.o(i.HAL_UART_Init)
    HAL_UART_MspInit                         0x080020c9   Thumb Code   228  usart.o(i.HAL_UART_MspInit)
    HAL_UART_Receive                         0x080021c9   Thumb Code   196  stm32f1xx_hal_uart.o(i.HAL_UART_Receive)
    HAL_UART_RxCpltCallback                  0x0800228d   Thumb Code     2  stm32f1xx_hal_uart.o(i.HAL_UART_RxCpltCallback)
    HAL_UART_Transmit                        0x0800228f   Thumb Code   176  stm32f1xx_hal_uart.o(i.HAL_UART_Transmit)
    HAL_UART_TxCpltCallback                  0x0800233f   Thumb Code     2  stm32f1xx_hal_uart.o(i.HAL_UART_TxCpltCallback)
    HardFault_Handler                        0x08002341   Thumb Code     2  stm32f1xx_it.o(i.HardFault_Handler)
    Key_Scan                                 0x08002379   Thumb Code   256  main.o(i.Key_Scan)
    MX_ADC1_Init                             0x08002485   Thumb Code   172  adc.o(i.MX_ADC1_Init)
    MX_DMA_Init                              0x08002539   Thumb Code    56  dma.o(i.MX_DMA_Init)
    MX_GPIO_Init                             0x08002575   Thumb Code   152  gpio.o(i.MX_GPIO_Init)
    MX_USART1_UART_Init                      0x0800261d   Thumb Code    48  usart.o(i.MX_USART1_UART_Init)
    MX_USART3_UART_Init                      0x08002655   Thumb Code    48  usart.o(i.MX_USART3_UART_Init)
    MX_USB_DEVICE_Init                       0x0800268d   Thumb Code    66  usb_device.o(i.MX_USB_DEVICE_Init)
    MemManage_Handler                        0x080026e1   Thumb Code     2  stm32f1xx_it.o(i.MemManage_Handler)
    NMI_Handler                              0x080026e3   Thumb Code     2  stm32f1xx_it.o(i.NMI_Handler)
    PendSV_Handler                           0x080029e5   Thumb Code     2  stm32f1xx_it.o(i.PendSV_Handler)
    SVC_Handler                              0x080029e7   Thumb Code     2  stm32f1xx_it.o(i.SVC_Handler)
    SysTick_Handler                          0x080029e9   Thumb Code     4  stm32f1xx_it.o(i.SysTick_Handler)
    SystemClock_Config                       0x080029ed   Thumb Code   124  main.o(i.SystemClock_Config)
    SystemInit                               0x08002a69   Thumb Code     2  system_stm32f1xx.o(i.SystemInit)
    TM_USB_HIDDEVICE_DualShock4_Send         0x08002a6d   Thumb Code   200  tm_stm32_usb_hid_device.o(i.TM_USB_HIDDEVICE_DualShock4_Send)
    TM_USB_HIDEVICE_DualShock4_StructInit    0x08002b3d   Thumb Code    64  tm_stm32_usb_hid_device.o(i.TM_USB_HIDEVICE_DualShock4_StructInit)
    USART3_IRQHandler                        0x08002d95   Thumb Code     6  stm32f1xx_it.o(i.USART3_IRQHandler)
    USBD_CUSTOM_HID_RegisterInterface        0x08002eaf   Thumb Code    16  usbd_customhid.o(i.USBD_CUSTOM_HID_RegisterInterface)
    USBD_CUSTOM_HID_SendReport               0x08002ebf   Thumb Code    40  usbd_customhid.o(i.USBD_CUSTOM_HID_SendReport)
    USBD_ClrClassConfig                      0x08002fcd   Thumb Code    14  usbd_core.o(i.USBD_ClrClassConfig)
    USBD_CtlContinueRx                       0x08002fdb   Thumb Code    16  usbd_ioreq.o(i.USBD_CtlContinueRx)
    USBD_CtlContinueSendData                 0x08002feb   Thumb Code    16  usbd_ioreq.o(i.USBD_CtlContinueSendData)
    USBD_CtlError                            0x08002ffb   Thumb Code    22  usbd_ctlreq.o(i.USBD_CtlError)
    USBD_CtlPrepareRx                        0x08003011   Thumb Code    30  usbd_ioreq.o(i.USBD_CtlPrepareRx)
    USBD_CtlReceiveStatus                    0x0800302f   Thumb Code    22  usbd_ioreq.o(i.USBD_CtlReceiveStatus)
    USBD_CtlSendData                         0x08003045   Thumb Code    26  usbd_ioreq.o(i.USBD_CtlSendData)
    USBD_CtlSendStatus                       0x0800305f   Thumb Code    22  usbd_ioreq.o(i.USBD_CtlSendStatus)
    USBD_FS_ConfigStrDescriptor              0x08003075   Thumb Code    16  usbd_desc.o(i.USBD_FS_ConfigStrDescriptor)
    USBD_FS_DeviceDescriptor                 0x0800309d   Thumb Code     8  usbd_desc.o(i.USBD_FS_DeviceDescriptor)
    USBD_FS_InterfaceStrDescriptor           0x080030a9   Thumb Code    16  usbd_desc.o(i.USBD_FS_InterfaceStrDescriptor)
    USBD_FS_LangIDStrDescriptor              0x080030d5   Thumb Code     8  usbd_desc.o(i.USBD_FS_LangIDStrDescriptor)
    USBD_FS_ManufacturerStrDescriptor        0x080030e1   Thumb Code    16  usbd_desc.o(i.USBD_FS_ManufacturerStrDescriptor)
    USBD_FS_ProductStrDescriptor             0x08003109   Thumb Code    16  usbd_desc.o(i.USBD_FS_ProductStrDescriptor)
    USBD_FS_SerialStrDescriptor              0x0800313d   Thumb Code    48  usbd_desc.o(i.USBD_FS_SerialStrDescriptor)
    USBD_GetString                           0x0800325d   Thumb Code    72  usbd_ctlreq.o(i.USBD_GetString)
    USBD_Init                                0x080032bd   Thumb Code    42  usbd_core.o(i.USBD_Init)
    USBD_LL_ClearStallEP                     0x080032e7   Thumb Code    18  usbd_conf.o(i.USBD_LL_ClearStallEP)
    USBD_LL_CloseEP                          0x080032f9   Thumb Code    18  usbd_conf.o(i.USBD_LL_CloseEP)
    USBD_LL_DataInStage                      0x0800330b   Thumb Code   198  usbd_core.o(i.USBD_LL_DataInStage)
    USBD_LL_DataOutStage                     0x080033d1   Thumb Code   130  usbd_core.o(i.USBD_LL_DataOutStage)
    USBD_LL_Init                             0x08003455   Thumb Code   102  usbd_conf.o(i.USBD_LL_Init)
    USBD_LL_IsStallEP                        0x080034c5   Thumb Code    32  usbd_conf.o(i.USBD_LL_IsStallEP)
    USBD_LL_OpenEP                           0x080034e5   Thumb Code    24  usbd_conf.o(i.USBD_LL_OpenEP)
    USBD_LL_PrepareReceive                   0x080034fd   Thumb Code    18  usbd_conf.o(i.USBD_LL_PrepareReceive)
    USBD_LL_Reset                            0x0800350f   Thumb Code    80  usbd_core.o(i.USBD_LL_Reset)
    USBD_LL_Resume                           0x0800355f   Thumb Code    20  usbd_core.o(i.USBD_LL_Resume)
    USBD_LL_SOF                              0x08003573   Thumb Code    24  usbd_core.o(i.USBD_LL_SOF)
    USBD_LL_SetSpeed                         0x0800358b   Thumb Code     6  usbd_core.o(i.USBD_LL_SetSpeed)
    USBD_LL_SetUSBAddress                    0x08003591   Thumb Code    18  usbd_conf.o(i.USBD_LL_SetUSBAddress)
    USBD_LL_SetupStage                       0x080035a3   Thumb Code    90  usbd_core.o(i.USBD_LL_SetupStage)
    USBD_LL_StallEP                          0x080035fd   Thumb Code    18  usbd_conf.o(i.USBD_LL_StallEP)
    USBD_LL_Start                            0x0800360f   Thumb Code    18  usbd_conf.o(i.USBD_LL_Start)
    USBD_LL_Suspend                          0x08003621   Thumb Code    18  usbd_core.o(i.USBD_LL_Suspend)
    USBD_LL_Transmit                         0x08003633   Thumb Code    18  usbd_conf.o(i.USBD_LL_Transmit)
    USBD_ParseSetupRequest                   0x08003645   Thumb Code    40  usbd_ctlreq.o(i.USBD_ParseSetupRequest)
    USBD_RegisterClass                       0x0800366d   Thumb Code    16  usbd_core.o(i.USBD_RegisterClass)
    USBD_SetClassConfig                      0x0800367d   Thumb Code    22  usbd_core.o(i.USBD_SetClassConfig)
    USBD_Start                               0x08003719   Thumb Code    10  usbd_core.o(i.USBD_Start)
    USBD_StdDevReq                           0x08003723   Thumb Code   274  usbd_ctlreq.o(i.USBD_StdDevReq)
    USBD_StdEPReq                            0x08003835   Thumb Code   336  usbd_ctlreq.o(i.USBD_StdEPReq)
    USBD_StdItfReq                           0x08003985   Thumb Code    78  usbd_ctlreq.o(i.USBD_StdItfReq)
    USBD_static_free                         0x080039d3   Thumb Code     2  usbd_conf.o(i.USBD_static_free)
    USBD_static_malloc                       0x080039d5   Thumb Code     4  usbd_conf.o(i.USBD_static_malloc)
    USB_ActivateEndpoint                     0x080039dd   Thumb Code   626  stm32f1xx_ll_usb.o(i.USB_ActivateEndpoint)
    USB_CoreInit                             0x08003c4f   Thumb Code     4  stm32f1xx_ll_usb.o(i.USB_CoreInit)
    USB_DeactivateEndpoint                   0x08003c53   Thumb Code   272  stm32f1xx_ll_usb.o(i.USB_DeactivateEndpoint)
    USB_DevConnect                           0x08003d63   Thumb Code     4  stm32f1xx_ll_usb.o(i.USB_DevConnect)
    USB_DevDisconnect                        0x08003d67   Thumb Code     4  stm32f1xx_ll_usb.o(i.USB_DevDisconnect)
    USB_DevInit                              0x08003d6b   Thumb Code    18  stm32f1xx_ll_usb.o(i.USB_DevInit)
    USB_DisableGlobalInt                     0x08003d7d   Thumb Code    14  stm32f1xx_ll_usb.o(i.USB_DisableGlobalInt)
    USB_EP0_OutStart                         0x08003d8b   Thumb Code     4  stm32f1xx_ll_usb.o(i.USB_EP0_OutStart)
    USB_EPClearStall                         0x08003d8f   Thumb Code   116  stm32f1xx_ll_usb.o(i.USB_EPClearStall)
    USB_EPSetStall                           0x08003e03   Thumb Code    50  stm32f1xx_ll_usb.o(i.USB_EPSetStall)
    USB_EPStartXfer                          0x08003e35   Thumb Code  1544  stm32f1xx_ll_usb.o(i.USB_EPStartXfer)
    USB_EnableGlobalInt                      0x0800443d   Thumb Code    18  stm32f1xx_ll_usb.o(i.USB_EnableGlobalInt)
    USB_LP_CAN1_RX0_IRQHandler               0x08004451   Thumb Code     6  stm32f1xx_it.o(i.USB_LP_CAN1_RX0_IRQHandler)
    USB_ReadInterrupts                       0x0800445d   Thumb Code     6  stm32f1xx_ll_usb.o(i.USB_ReadInterrupts)
    USB_ReadPMA                              0x08004463   Thumb Code    42  stm32f1xx_ll_usb.o(i.USB_ReadPMA)
    USB_SetCurrentMode                       0x0800448d   Thumb Code     4  stm32f1xx_ll_usb.o(i.USB_SetCurrentMode)
    USB_SetDevAddress                        0x08004491   Thumb Code    12  stm32f1xx_ll_usb.o(i.USB_SetDevAddress)
    USB_WritePMA                             0x0800449d   Thumb Code    38  stm32f1xx_ll_usb.o(i.USB_WritePMA)
    UsageFault_Handler                       0x080044c3   Thumb Code     2  stm32f1xx_it.o(i.UsageFault_Handler)
    __scatterload_copy                       0x080044e5   Thumb Code    14  handlers.o(i.__scatterload_copy)
    __scatterload_null                       0x080044f3   Thumb Code     2  handlers.o(i.__scatterload_null)
    __scatterload_zeroinit                   0x080044f5   Thumb Code    14  handlers.o(i.__scatterload_zeroinit)
    main                                     0x08004505   Thumb Code   376  main.o(i.main)
    AHBPrescTable                            0x08004698   Data          16  system_stm32f1xx.o(.constdata)
    APBPrescTable                            0x080046a8   Data           8  system_stm32f1xx.o(.constdata)
    Region$$Table$$Base                      0x080046b0   Number         0  anon$$obj.o(Region$$Table)
    Region$$Table$$Limit                     0x080046d0   Number         0  anon$$obj.o(Region$$Table)
    angle                                    0x20000000   Data           2  main.o(.data)
    u8angle                                  0x20000002   Data           2  main.o(.data)
    axis_value                               0x20000004   Data           4  main.o(.data)
    Trigger_value                            0x20000008   Data           4  main.o(.data)
    tx_buf                                   0x2000000c   Data           4  main.o(.data)
    rx_buf                                   0x20000010   Data           4  main.o(.data)
    FS_Desc                                  0x20000014   Data          28  usbd_desc.o(.data)
    USBD_LangIDDesc                          0x20000030   Data           4  usbd_desc.o(.data)
    USBD_FS_DeviceDesc                       0x20000034   Data          18  usbd_desc.o(.data)
    USBD_StringSerial                        0x20000048   Data          26  usbd_desc.o(.data)
    USBD_CustomHID_fops_FS                   0x20000238   Data          16  usbd_custom_hid_if.o(.data)
    uwTickFreq                               0x20000248   Data           1  stm32f1xx_hal.o(.data)
    uwTickPrio                               0x2000024c   Data           4  stm32f1xx_hal.o(.data)
    uwTick                                   0x20000250   Data           4  stm32f1xx_hal.o(.data)
    SystemCoreClock                          0x20000254   Data           4  system_stm32f1xx.o(.data)
    USBD_CUSTOM_HID                          0x2000025c   Data          56  usbd_customhid.o(.data)
    TM_USB_HIDDEVICE_INT_Status              0x2000032e   Data           1  tm_stm32_usb_hid_device.o(.data)
    ADC_buffer                               0x20000338   Data          12  main.o(.bss)
    hadc1                                    0x20000344   Data          48  adc.o(.bss)
    hdma_adc1                                0x20000374   Data          68  adc.o(.bss)
    huart1                                   0x200003b8   Data          68  usart.o(.bss)
    huart3                                   0x200003fc   Data          68  usart.o(.bss)
    hdma_usart3_rx                           0x20000440   Data          68  usart.o(.bss)
    hUsbDeviceFS                             0x20000484   Data         708  usb_device.o(.bss)
    USBD_StrDesc                             0x20000748   Data         512  usbd_desc.o(.bss)
    hpcd_USB_FS                              0x2000096c   Data         748  usbd_conf.o(.bss)
    DS4_1                                    0x20000c98   Data          44  tm_stm32_usb_hid_device.o(.bss)
    __initial_sp                             0x200010c8   Data           0  startup_stm32f103xb.o(STACK)



==============================================================================

Memory Map of the image

  Image Entry point : 0x080000ed

  Load Region LR_IROM1 (Base: 0x08000000, Size: 0x00004a08, Max: 0x00010000, ABSOLUTE, COMPRESSED[0x000048e8])

    Execution Region ER_IROM1 (Exec base: 0x08000000, Load base: 0x08000000, Size: 0x000046d0, Max: 0x00010000, ABSOLUTE)

    Exec Addr    Load Addr    Size         Type   Attr      Idx    E Section Name        Object

    0x08000000   0x08000000   0x000000ec   Data   RO            3    RESET               startup_stm32f103xb.o
    0x080000ec   0x080000ec   0x00000000   Code   RO         3482  * .ARM.Collect$$$$00000000  mc_w.l(entry.o)
    0x080000ec   0x080000ec   0x00000004   Code   RO         3493    .ARM.Collect$$$$00000001  mc_w.l(entry2.o)
    0x080000f0   0x080000f0   0x00000004   Code   RO         3496    .ARM.Collect$$$$00000004  mc_w.l(entry5.o)
    0x080000f4   0x080000f4   0x00000000   Code   RO         3498    .ARM.Collect$$$$00000008  mc_w.l(entry7b.o)
    0x080000f4   0x080000f4   0x00000000   Code   RO         3500    .ARM.Collect$$$$0000000A  mc_w.l(entry8b.o)
    0x080000f4   0x080000f4   0x00000008   Code   RO         3501    .ARM.Collect$$$$0000000B  mc_w.l(entry9a.o)
    0x080000fc   0x080000fc   0x00000004   Code   RO         3508    .ARM.Collect$$$$0000000E  mc_w.l(entry12b.o)
    0x08000100   0x08000100   0x00000000   Code   RO         3503    .ARM.Collect$$$$0000000F  mc_w.l(entry10a.o)
    0x08000100   0x08000100   0x00000000   Code   RO         3505    .ARM.Collect$$$$00000011  mc_w.l(entry11a.o)
    0x08000100   0x08000100   0x00000004   Code   RO         3494    .ARM.Collect$$$$00002712  mc_w.l(entry2.o)
    0x08000104   0x08000104   0x00000024   Code   RO            4    .text               startup_stm32f103xb.o
    0x08000128   0x08000128   0x00000024   Code   RO         3487    .text               mc_w.l(memcpya.o)
    0x0800014c   0x0800014c   0x00000024   Code   RO         3489    .text               mc_w.l(memseta.o)
    0x08000170   0x08000170   0x00000024   Code   RO         3509    .text               mc_w.l(init.o)
    0x08000194   0x08000194   0x00000056   Code   RO         3519    .text               mc_w.l(__dczerorl2.o)
    0x080001ea   0x080001ea   0x00000002   PAD
    0x080001ec   0x080001ec   0x0000000c   Code   RO          351    i.ADC1_2_IRQHandler  stm32f1xx_it.o
    0x080001f8   0x080001f8   0x00000054   Code   RO         2319    i.ADC_ConversionStop_Disable  stm32f1xx_hal_adc.o
    0x0800024c   0x0800024c   0x0000004e   Code   RO         2320    i.ADC_DMAConvCplt   stm32f1xx_hal_adc.o
    0x0800029a   0x0800029a   0x0000001a   Code   RO         2321    i.ADC_DMAError      stm32f1xx_hal_adc.o
    0x080002b4   0x080002b4   0x0000000a   Code   RO         2322    i.ADC_DMAHalfConvCplt  stm32f1xx_hal_adc.o
    0x080002be   0x080002be   0x00000002   PAD
    0x080002c0   0x080002c0   0x00000078   Code   RO         2323    i.ADC_Enable        stm32f1xx_hal_adc.o
    0x08000338   0x08000338   0x00000002   Code   RO          352    i.BusFault_Handler  stm32f1xx_it.o
    0x0800033a   0x0800033a   0x00000004   Code   RO          602    i.CUSTOM_HID_DeInit_FS  usbd_custom_hid_if.o
    0x0800033e   0x0800033e   0x00000004   Code   RO          603    i.CUSTOM_HID_Init_FS  usbd_custom_hid_if.o
    0x08000342   0x08000342   0x00000004   Code   RO          604    i.CUSTOM_HID_OutEvent_FS  usbd_custom_hid_if.o
    0x08000346   0x08000346   0x00000002   PAD
    0x08000348   0x08000348   0x0000000c   Code   RO          353    i.DMA1_Channel1_IRQHandler  stm32f1xx_it.o
    0x08000354   0x08000354   0x0000000c   Code   RO          354    i.DMA1_Channel3_IRQHandler  stm32f1xx_it.o
    0x08000360   0x08000360   0x0000002a   Code   RO         1722    i.DMA_SetConfig     stm32f1xx_hal_dma.o
    0x0800038a   0x0800038a   0x00000052   Code   RO           13    i.D_PAD             main.o
    0x080003dc   0x080003dc   0x00000002   Code   RO          355    i.DebugMon_Handler  stm32f1xx_it.o
    0x080003de   0x080003de   0x00000004   Code   RO           14    i.Error_Handler     main.o
    0x080003e2   0x080003e2   0x00000002   Code   RO         2501    i.HAL_ADCEx_InjectedConvCpltCallback  stm32f1xx_hal_adc_ex.o
    0x080003e4   0x080003e4   0x000000fc   Code   RO         2325    i.HAL_ADC_ConfigChannel  stm32f1xx_hal_adc.o
    0x080004e0   0x080004e0   0x00000002   Code   RO         2326    i.HAL_ADC_ConvCpltCallback  stm32f1xx_hal_adc.o
    0x080004e2   0x080004e2   0x00000002   Code   RO         2327    i.HAL_ADC_ConvHalfCpltCallback  stm32f1xx_hal_adc.o
    0x080004e4   0x080004e4   0x00000002   Code   RO         2329    i.HAL_ADC_ErrorCallback  stm32f1xx_hal_adc.o
    0x080004e6   0x080004e6   0x000000e6   Code   RO         2333    i.HAL_ADC_IRQHandler  stm32f1xx_hal_adc.o
    0x080005cc   0x080005cc   0x0000011c   Code   RO         2334    i.HAL_ADC_Init      stm32f1xx_hal_adc.o
    0x080006e8   0x080006e8   0x00000002   Code   RO         2335    i.HAL_ADC_LevelOutOfWindowCallback  stm32f1xx_hal_adc.o
    0x080006ea   0x080006ea   0x00000002   PAD
    0x080006ec   0x080006ec   0x000000a0   Code   RO          238    i.HAL_ADC_MspInit   adc.o
    0x0800078c   0x0800078c   0x0000010c   Code   RO         2341    i.HAL_ADC_Start_DMA  stm32f1xx_hal_adc.o
    0x08000898   0x08000898   0x00000046   Code   RO         1723    i.HAL_DMA_Abort     stm32f1xx_hal_dma.o
    0x080008de   0x080008de   0x00000002   PAD
    0x080008e0   0x080008e0   0x00000098   Code   RO         1724    i.HAL_DMA_Abort_IT  stm32f1xx_hal_dma.o
    0x08000978   0x08000978   0x00000158   Code   RO         1728    i.HAL_DMA_IRQHandler  stm32f1xx_hal_dma.o
    0x08000ad0   0x08000ad0   0x0000005c   Code   RO         1729    i.HAL_DMA_Init      stm32f1xx_hal_dma.o
    0x08000b2c   0x08000b2c   0x00000070   Code   RO         1733    i.HAL_DMA_Start_IT  stm32f1xx_hal_dma.o
    0x08000b9c   0x08000b9c   0x000001cc   Code   RO         1659    i.HAL_GPIO_Init     stm32f1xx_hal_gpio.o
    0x08000d68   0x08000d68   0x0000000a   Code   RO         1661    i.HAL_GPIO_ReadPin  stm32f1xx_hal_gpio.o
    0x08000d72   0x08000d72   0x00000010   Code   RO         1662    i.HAL_GPIO_TogglePin  stm32f1xx_hal_gpio.o
    0x08000d82   0x08000d82   0x0000000a   Code   RO         1663    i.HAL_GPIO_WritePin  stm32f1xx_hal_gpio.o
    0x08000d8c   0x08000d8c   0x0000000c   Code   RO         1355    i.HAL_GetTick       stm32f1xx_hal.o
    0x08000d98   0x08000d98   0x00000010   Code   RO         1361    i.HAL_IncTick       stm32f1xx_hal.o
    0x08000da8   0x08000da8   0x00000024   Code   RO         1362    i.HAL_Init          stm32f1xx_hal.o
    0x08000dcc   0x08000dcc   0x00000040   Code   RO         1363    i.HAL_InitTick      stm32f1xx_hal.o
    0x08000e0c   0x08000e0c   0x0000003c   Code   RO          457    i.HAL_MspInit       stm32f1xx_hal_msp.o
    0x08000e48   0x08000e48   0x0000001a   Code   RO         1819    i.HAL_NVIC_EnableIRQ  stm32f1xx_hal_cortex.o
    0x08000e62   0x08000e62   0x00000002   PAD
    0x08000e64   0x08000e64   0x00000040   Code   RO         1825    i.HAL_NVIC_SetPriority  stm32f1xx_hal_cortex.o
    0x08000ea4   0x08000ea4   0x00000024   Code   RO         1826    i.HAL_NVIC_SetPriorityGrouping  stm32f1xx_hal_cortex.o
    0x08000ec8   0x08000ec8   0x0000003c   Code   RO         1124    i.HAL_PCDEx_PMAConfig  stm32f1xx_hal_pcd_ex.o
    0x08000f04   0x08000f04   0x00000002   Code   RO          643    i.HAL_PCDEx_SetConnectionState  usbd_conf.o
    0x08000f06   0x08000f06   0x00000012   Code   RO          645    i.HAL_PCD_DataInStageCallback  usbd_conf.o
    0x08000f18   0x08000f18   0x00000014   Code   RO          646    i.HAL_PCD_DataOutStageCallback  usbd_conf.o
    0x08000f2c   0x08000f2c   0x0000004c   Code   RO          900    i.HAL_PCD_EP_Close  stm32f1xx_hal_pcd.o
    0x08000f78   0x08000f78   0x0000005c   Code   RO          901    i.HAL_PCD_EP_ClrStall  stm32f1xx_hal_pcd.o
    0x08000fd4   0x08000fd4   0x000000e4   Code   RO          902    i.HAL_PCD_EP_DB_Receive  stm32f1xx_hal_pcd.o
    0x080010b8   0x080010b8   0x0000032c   Code   RO          903    i.HAL_PCD_EP_DB_Transmit  stm32f1xx_hal_pcd.o
    0x080013e4   0x080013e4   0x00000060   Code   RO          906    i.HAL_PCD_EP_Open   stm32f1xx_hal_pcd.o
    0x08001444   0x08001444   0x00000032   Code   RO          907    i.HAL_PCD_EP_Receive  stm32f1xx_hal_pcd.o
    0x08001476   0x08001476   0x00000072   Code   RO          908    i.HAL_PCD_EP_SetStall  stm32f1xx_hal_pcd.o
    0x080014e8   0x080014e8   0x00000034   Code   RO          909    i.HAL_PCD_EP_Transmit  stm32f1xx_hal_pcd.o
    0x0800151c   0x0800151c   0x00000154   Code   RO          911    i.HAL_PCD_IRQHandler  stm32f1xx_hal_pcd.o
    0x08001670   0x08001670   0x000000d8   Code   RO          914    i.HAL_PCD_Init      stm32f1xx_hal_pcd.o
    0x08001748   0x08001748   0x0000003c   Code   RO          651    i.HAL_PCD_MspInit   usbd_conf.o
    0x08001784   0x08001784   0x00000026   Code   RO          652    i.HAL_PCD_ResetCallback  usbd_conf.o
    0x080017aa   0x080017aa   0x00000008   Code   RO          653    i.HAL_PCD_ResumeCallback  usbd_conf.o
    0x080017b2   0x080017b2   0x00000008   Code   RO          654    i.HAL_PCD_SOFCallback  usbd_conf.o
    0x080017ba   0x080017ba   0x00000028   Code   RO          920    i.HAL_PCD_SetAddress  stm32f1xx_hal_pcd.o
    0x080017e2   0x080017e2   0x0000000e   Code   RO          655    i.HAL_PCD_SetupStageCallback  usbd_conf.o
    0x080017f0   0x080017f0   0x00000032   Code   RO          922    i.HAL_PCD_Start     stm32f1xx_hal_pcd.o
    0x08001822   0x08001822   0x00000002   PAD
    0x08001824   0x08001824   0x00000024   Code   RO          656    i.HAL_PCD_SuspendCallback  usbd_conf.o
    0x08001848   0x08001848   0x000000e8   Code   RO         1622    i.HAL_RCCEx_PeriphCLKConfig  stm32f1xx_hal_rcc_ex.o
    0x08001930   0x08001930   0x00000138   Code   RO         1519    i.HAL_RCC_ClockConfig  stm32f1xx_hal_rcc.o
    0x08001a68   0x08001a68   0x00000020   Code   RO         1526    i.HAL_RCC_GetPCLK1Freq  stm32f1xx_hal_rcc.o
    0x08001a88   0x08001a88   0x00000020   Code   RO         1527    i.HAL_RCC_GetPCLK2Freq  stm32f1xx_hal_rcc.o
    0x08001aa8   0x08001aa8   0x0000006c   Code   RO         1528    i.HAL_RCC_GetSysClockFreq  stm32f1xx_hal_rcc.o
    0x08001b14   0x08001b14   0x00000318   Code   RO         1531    i.HAL_RCC_OscConfig  stm32f1xx_hal_rcc.o
    0x08001e2c   0x08001e2c   0x00000028   Code   RO         1830    i.HAL_SYSTICK_Config  stm32f1xx_hal_cortex.o
    0x08001e54   0x08001e54   0x00000002   Code   RO         2642    i.HAL_UARTEx_RxEventCallback  stm32f1xx_hal_uart.o
    0x08001e56   0x08001e56   0x00000002   Code   RO         2656    i.HAL_UART_ErrorCallback  stm32f1xx_hal_uart.o
    0x08001e58   0x08001e58   0x0000020c   Code   RO         2659    i.HAL_UART_IRQHandler  stm32f1xx_hal_uart.o
    0x08002064   0x08002064   0x00000062   Code   RO         2660    i.HAL_UART_Init     stm32f1xx_hal_uart.o
    0x080020c6   0x080020c6   0x00000002   PAD
    0x080020c8   0x080020c8   0x00000100   Code   RO          304    i.HAL_UART_MspInit  usart.o
    0x080021c8   0x080021c8   0x000000c4   Code   RO         2663    i.HAL_UART_Receive  stm32f1xx_hal_uart.o
    0x0800228c   0x0800228c   0x00000002   Code   RO         2666    i.HAL_UART_RxCpltCallback  stm32f1xx_hal_uart.o
    0x0800228e   0x0800228e   0x000000b0   Code   RO         2668    i.HAL_UART_Transmit  stm32f1xx_hal_uart.o
    0x0800233e   0x0800233e   0x00000002   Code   RO         2671    i.HAL_UART_TxCpltCallback  stm32f1xx_hal_uart.o
    0x08002340   0x08002340   0x00000002   Code   RO          356    i.HardFault_Handler  stm32f1xx_it.o
    0x08002342   0x08002342   0x00000036   Code   RO          516    i.IntToUnicode      usbd_desc.o
    0x08002378   0x08002378   0x0000010c   Code   RO           15    i.Key_Scan          main.o
    0x08002484   0x08002484   0x000000b4   Code   RO          239    i.MX_ADC1_Init      adc.o
    0x08002538   0x08002538   0x0000003c   Code   RO          279    i.MX_DMA_Init       dma.o
    0x08002574   0x08002574   0x000000a8   Code   RO          213    i.MX_GPIO_Init      gpio.o
    0x0800261c   0x0800261c   0x00000038   Code   RO          305    i.MX_USART1_UART_Init  usart.o
    0x08002654   0x08002654   0x00000038   Code   RO          306    i.MX_USART3_UART_Init  usart.o
    0x0800268c   0x0800268c   0x00000054   Code   RO          481    i.MX_USB_DEVICE_Init  usb_device.o
    0x080026e0   0x080026e0   0x00000002   Code   RO          357    i.MemManage_Handler  stm32f1xx_it.o
    0x080026e2   0x080026e2   0x00000002   Code   RO          358    i.NMI_Handler       stm32f1xx_it.o
    0x080026e4   0x080026e4   0x00000300   Code   RO          926    i.PCD_EP_ISR_Handler  stm32f1xx_hal_pcd.o
    0x080029e4   0x080029e4   0x00000002   Code   RO          359    i.PendSV_Handler    stm32f1xx_it.o
    0x080029e6   0x080029e6   0x00000002   Code   RO          360    i.SVC_Handler       stm32f1xx_it.o
    0x080029e8   0x080029e8   0x00000004   Code   RO          361    i.SysTick_Handler   stm32f1xx_it.o
    0x080029ec   0x080029ec   0x0000007c   Code   RO           16    i.SystemClock_Config  main.o
    0x08002a68   0x08002a68   0x00000002   Code   RO         2989    i.SystemInit        system_stm32f1xx.o
    0x08002a6a   0x08002a6a   0x00000002   PAD
    0x08002a6c   0x08002a6c   0x000000d0   Code   RO         3376    i.TM_USB_HIDDEVICE_DualShock4_Send  tm_stm32_usb_hid_device.o
    0x08002b3c   0x08002b3c   0x00000044   Code   RO         3389    i.TM_USB_HIDEVICE_DualShock4_StructInit  tm_stm32_usb_hid_device.o
    0x08002b80   0x08002b80   0x00000010   Code   RO         2673    i.UART_DMAAbortOnError  stm32f1xx_hal_uart.o
    0x08002b90   0x08002b90   0x00000030   Code   RO         2683    i.UART_EndRxTransfer  stm32f1xx_hal_uart.o
    0x08002bc0   0x08002bc0   0x000000b6   Code   RO         2685    i.UART_Receive_IT   stm32f1xx_hal_uart.o
    0x08002c76   0x08002c76   0x00000002   PAD
    0x08002c78   0x08002c78   0x000000b8   Code   RO         2686    i.UART_SetConfig    stm32f1xx_hal_uart.o
    0x08002d30   0x08002d30   0x00000062   Code   RO         2689    i.UART_WaitOnFlagUntilTimeout  stm32f1xx_hal_uart.o
    0x08002d92   0x08002d92   0x00000002   PAD
    0x08002d94   0x08002d94   0x0000000c   Code   RO          362    i.USART3_IRQHandler  stm32f1xx_it.o
    0x08002da0   0x08002da0   0x0000000c   Code   RO         3289    i.USBD_CUSTOM_HID_DataIn  usbd_customhid.o
    0x08002dac   0x08002dac   0x00000024   Code   RO         3290    i.USBD_CUSTOM_HID_DataOut  usbd_customhid.o
    0x08002dd0   0x08002dd0   0x00000038   Code   RO         3291    i.USBD_CUSTOM_HID_DeInit  usbd_customhid.o
    0x08002e08   0x08002e08   0x00000022   Code   RO         3292    i.USBD_CUSTOM_HID_EP0_RxReady  usbd_customhid.o
    0x08002e2a   0x08002e2a   0x00000002   PAD
    0x08002e2c   0x08002e2c   0x0000000c   Code   RO         3293    i.USBD_CUSTOM_HID_GetDeviceQualifierDesc  usbd_customhid.o
    0x08002e38   0x08002e38   0x0000000c   Code   RO         3294    i.USBD_CUSTOM_HID_GetFSCfgDesc  usbd_customhid.o
    0x08002e44   0x08002e44   0x0000000c   Code   RO         3295    i.USBD_CUSTOM_HID_GetHSCfgDesc  usbd_customhid.o
    0x08002e50   0x08002e50   0x0000000c   Code   RO         3296    i.USBD_CUSTOM_HID_GetOtherSpeedCfgDesc  usbd_customhid.o
    0x08002e5c   0x08002e5c   0x00000052   Code   RO         3297    i.USBD_CUSTOM_HID_Init  usbd_customhid.o
    0x08002eae   0x08002eae   0x00000010   Code   RO         3298    i.USBD_CUSTOM_HID_RegisterInterface  usbd_customhid.o
    0x08002ebe   0x08002ebe   0x00000028   Code   RO         3299    i.USBD_CUSTOM_HID_SendReport  usbd_customhid.o
    0x08002ee6   0x08002ee6   0x00000002   PAD
    0x08002ee8   0x08002ee8   0x000000e4   Code   RO         3300    i.USBD_CUSTOM_HID_Setup  usbd_customhid.o
    0x08002fcc   0x08002fcc   0x0000000e   Code   RO         3026    i.USBD_ClrClassConfig  usbd_core.o
    0x08002fda   0x08002fda   0x00000010   Code   RO         3229    i.USBD_CtlContinueRx  usbd_ioreq.o
    0x08002fea   0x08002fea   0x00000010   Code   RO         3230    i.USBD_CtlContinueSendData  usbd_ioreq.o
    0x08002ffa   0x08002ffa   0x00000016   Code   RO         3164    i.USBD_CtlError     usbd_ctlreq.o
    0x08003010   0x08003010   0x0000001e   Code   RO         3231    i.USBD_CtlPrepareRx  usbd_ioreq.o
    0x0800302e   0x0800302e   0x00000016   Code   RO         3232    i.USBD_CtlReceiveStatus  usbd_ioreq.o
    0x08003044   0x08003044   0x0000001a   Code   RO         3233    i.USBD_CtlSendData  usbd_ioreq.o
    0x0800305e   0x0800305e   0x00000016   Code   RO         3234    i.USBD_CtlSendStatus  usbd_ioreq.o
    0x08003074   0x08003074   0x00000028   Code   RO          517    i.USBD_FS_ConfigStrDescriptor  usbd_desc.o
    0x0800309c   0x0800309c   0x0000000c   Code   RO          518    i.USBD_FS_DeviceDescriptor  usbd_desc.o
    0x080030a8   0x080030a8   0x0000002c   Code   RO          519    i.USBD_FS_InterfaceStrDescriptor  usbd_desc.o
    0x080030d4   0x080030d4   0x0000000c   Code   RO          520    i.USBD_FS_LangIDStrDescriptor  usbd_desc.o
    0x080030e0   0x080030e0   0x00000028   Code   RO          521    i.USBD_FS_ManufacturerStrDescriptor  usbd_desc.o
    0x08003108   0x08003108   0x00000034   Code   RO          522    i.USBD_FS_ProductStrDescriptor  usbd_desc.o
    0x0800313c   0x0800313c   0x00000038   Code   RO          523    i.USBD_FS_SerialStrDescriptor  usbd_desc.o
    0x08003174   0x08003174   0x000000e8   Code   RO         3165    i.USBD_GetDescriptor  usbd_ctlreq.o
    0x0800325c   0x0800325c   0x00000048   Code   RO         3166    i.USBD_GetString    usbd_ctlreq.o
    0x080032a4   0x080032a4   0x00000018   Code   RO          657    i.USBD_Get_USB_Status  usbd_conf.o
    0x080032bc   0x080032bc   0x0000002a   Code   RO         3028    i.USBD_Init         usbd_core.o
    0x080032e6   0x080032e6   0x00000012   Code   RO          658    i.USBD_LL_ClearStallEP  usbd_conf.o
    0x080032f8   0x080032f8   0x00000012   Code   RO          659    i.USBD_LL_CloseEP   usbd_conf.o
    0x0800330a   0x0800330a   0x000000c6   Code   RO         3029    i.USBD_LL_DataInStage  usbd_core.o
    0x080033d0   0x080033d0   0x00000082   Code   RO         3030    i.USBD_LL_DataOutStage  usbd_core.o
    0x08003452   0x08003452   0x00000002   PAD
    0x08003454   0x08003454   0x00000070   Code   RO          664    i.USBD_LL_Init      usbd_conf.o
    0x080034c4   0x080034c4   0x00000020   Code   RO          665    i.USBD_LL_IsStallEP  usbd_conf.o
    0x080034e4   0x080034e4   0x00000018   Code   RO          666    i.USBD_LL_OpenEP    usbd_conf.o
    0x080034fc   0x080034fc   0x00000012   Code   RO          667    i.USBD_LL_PrepareReceive  usbd_conf.o
    0x0800350e   0x0800350e   0x00000050   Code   RO         3035    i.USBD_LL_Reset     usbd_core.o
    0x0800355e   0x0800355e   0x00000014   Code   RO         3036    i.USBD_LL_Resume    usbd_core.o
    0x08003572   0x08003572   0x00000018   Code   RO         3037    i.USBD_LL_SOF       usbd_core.o
    0x0800358a   0x0800358a   0x00000006   Code   RO         3038    i.USBD_LL_SetSpeed  usbd_core.o
    0x08003590   0x08003590   0x00000012   Code   RO          668    i.USBD_LL_SetUSBAddress  usbd_conf.o
    0x080035a2   0x080035a2   0x0000005a   Code   RO         3039    i.USBD_LL_SetupStage  usbd_core.o
    0x080035fc   0x080035fc   0x00000012   Code   RO          669    i.USBD_LL_StallEP   usbd_conf.o
    0x0800360e   0x0800360e   0x00000012   Code   RO          670    i.USBD_LL_Start     usbd_conf.o
    0x08003620   0x08003620   0x00000012   Code   RO         3040    i.USBD_LL_Suspend   usbd_core.o
    0x08003632   0x08003632   0x00000012   Code   RO          672    i.USBD_LL_Transmit  usbd_conf.o
    0x08003644   0x08003644   0x00000028   Code   RO         3167    i.USBD_ParseSetupRequest  usbd_ctlreq.o
    0x0800366c   0x0800366c   0x00000010   Code   RO         3041    i.USBD_RegisterClass  usbd_core.o
    0x0800367c   0x0800367c   0x00000016   Code   RO         3043    i.USBD_SetClassConfig  usbd_core.o
    0x08003692   0x08003692   0x00000002   PAD
    0x08003694   0x08003694   0x00000084   Code   RO         3168    i.USBD_SetConfig    usbd_ctlreq.o
    0x08003718   0x08003718   0x0000000a   Code   RO         3044    i.USBD_Start        usbd_core.o
    0x08003722   0x08003722   0x00000112   Code   RO         3169    i.USBD_StdDevReq    usbd_ctlreq.o
    0x08003834   0x08003834   0x00000150   Code   RO         3170    i.USBD_StdEPReq     usbd_ctlreq.o
    0x08003984   0x08003984   0x0000004e   Code   RO         3171    i.USBD_StdItfReq    usbd_ctlreq.o
    0x080039d2   0x080039d2   0x00000002   Code   RO          673    i.USBD_static_free  usbd_conf.o
    0x080039d4   0x080039d4   0x00000008   Code   RO          674    i.USBD_static_malloc  usbd_conf.o
    0x080039dc   0x080039dc   0x00000272   Code   RO         1164    i.USB_ActivateEndpoint  stm32f1xx_ll_usb.o
    0x08003c4e   0x08003c4e   0x00000004   Code   RO         1167    i.USB_CoreInit      stm32f1xx_ll_usb.o
    0x08003c52   0x08003c52   0x00000110   Code   RO         1169    i.USB_DeactivateEndpoint  stm32f1xx_ll_usb.o
    0x08003d62   0x08003d62   0x00000004   Code   RO         1170    i.USB_DevConnect    stm32f1xx_ll_usb.o
    0x08003d66   0x08003d66   0x00000004   Code   RO         1171    i.USB_DevDisconnect  stm32f1xx_ll_usb.o
    0x08003d6a   0x08003d6a   0x00000012   Code   RO         1172    i.USB_DevInit       stm32f1xx_ll_usb.o
    0x08003d7c   0x08003d7c   0x0000000e   Code   RO         1173    i.USB_DisableGlobalInt  stm32f1xx_ll_usb.o
    0x08003d8a   0x08003d8a   0x00000004   Code   RO         1174    i.USB_EP0_OutStart  stm32f1xx_ll_usb.o
    0x08003d8e   0x08003d8e   0x00000074   Code   RO         1175    i.USB_EPClearStall  stm32f1xx_ll_usb.o
    0x08003e02   0x08003e02   0x00000032   Code   RO         1176    i.USB_EPSetStall    stm32f1xx_ll_usb.o
    0x08003e34   0x08003e34   0x00000608   Code   RO         1177    i.USB_EPStartXfer   stm32f1xx_ll_usb.o
    0x0800443c   0x0800443c   0x00000012   Code   RO         1178    i.USB_EnableGlobalInt  stm32f1xx_ll_usb.o
    0x0800444e   0x0800444e   0x00000002   PAD
    0x08004450   0x08004450   0x0000000c   Code   RO          363    i.USB_LP_CAN1_RX0_IRQHandler  stm32f1xx_it.o
    0x0800445c   0x0800445c   0x00000006   Code   RO         1185    i.USB_ReadInterrupts  stm32f1xx_ll_usb.o
    0x08004462   0x08004462   0x0000002a   Code   RO         1186    i.USB_ReadPMA       stm32f1xx_ll_usb.o
    0x0800448c   0x0800448c   0x00000004   Code   RO         1187    i.USB_SetCurrentMode  stm32f1xx_ll_usb.o
    0x08004490   0x08004490   0x0000000c   Code   RO         1188    i.USB_SetDevAddress  stm32f1xx_ll_usb.o
    0x0800449c   0x0800449c   0x00000026   Code   RO         1190    i.USB_WritePMA      stm32f1xx_ll_usb.o
    0x080044c2   0x080044c2   0x00000002   Code   RO          364    i.UsageFault_Handler  stm32f1xx_it.o
    0x080044c4   0x080044c4   0x00000020   Code   RO         1832    i.__NVIC_SetPriority  stm32f1xx_hal_cortex.o
    0x080044e4   0x080044e4   0x0000000e   Code   RO         3513    i.__scatterload_copy  mc_w.l(handlers.o)
    0x080044f2   0x080044f2   0x00000002   Code   RO         3514    i.__scatterload_null  mc_w.l(handlers.o)
    0x080044f4   0x080044f4   0x0000000e   Code   RO         3515    i.__scatterload_zeroinit  mc_w.l(handlers.o)
    0x08004502   0x08004502   0x00000002   PAD
    0x08004504   0x08004504   0x00000194   Code   RO           17    i.main              main.o
    0x08004698   0x08004698   0x00000010   Data   RO         2990    .constdata          system_stm32f1xx.o
    0x080046a8   0x080046a8   0x00000008   Data   RO         2991    .constdata          system_stm32f1xx.o
    0x080046b0   0x080046b0   0x00000020   Data   RO         3511    Region$$Table       anon$$obj.o


    Execution Region RW_IRAM1 (Exec base: 0x20000000, Load base: 0x080046d0, Size: 0x000010c8, Max: 0x00005000, ABSOLUTE, COMPRESSED[0x00000218])

    Exec Addr    Load Addr    Size         Type   Attr      Idx    E Section Name        Object

    0x20000000   COMPRESSED   0x00000014   Data   RW           21    .data               main.o
    0x20000014   COMPRESSED   0x0000001c   Data   RW          525    .data               usbd_desc.o
    0x20000030   COMPRESSED   0x00000032   Data   RW          526    .data               usbd_desc.o
    0x20000062   COMPRESSED   0x00000002   PAD
    0x20000064   COMPRESSED   0x000001d3   Data   RW          605    .data               usbd_custom_hid_if.o
    0x20000237   COMPRESSED   0x00000001   PAD
    0x20000238   COMPRESSED   0x00000010   Data   RW          606    .data               usbd_custom_hid_if.o
    0x20000248   COMPRESSED   0x0000000c   Data   RW         1369    .data               stm32f1xx_hal.o
    0x20000254   COMPRESSED   0x00000004   Data   RW         2992    .data               system_stm32f1xx.o
    0x20000258   COMPRESSED   0x00000001   Data   RW         3172    .data               usbd_ctlreq.o
    0x20000259   COMPRESSED   0x00000003   PAD
    0x2000025c   COMPRESSED   0x00000038   Data   RW         3301    .data               usbd_customhid.o
    0x20000294   COMPRESSED   0x0000009a   Data   RW         3302    .data               usbd_customhid.o
    0x2000032e   COMPRESSED   0x00000008   Data   RW         3393    .data               tm_stm32_usb_hid_device.o
    0x20000336   COMPRESSED   0x00000002   PAD
    0x20000338        -       0x0000000c   Zero   RW           19    .bss                main.o
    0x20000344        -       0x00000074   Zero   RW          240    .bss                adc.o
    0x200003b8        -       0x000000cc   Zero   RW          307    .bss                usart.o
    0x20000484        -       0x000002c4   Zero   RW          482    .bss                usb_device.o
    0x20000748        -       0x00000200   Zero   RW          524    .bss                usbd_desc.o
    0x20000948        -       0x00000310   Zero   RW          675    .bss                usbd_conf.o
    0x20000c58        -       0x00000040   Zero   RW         3390    .bss                tm_stm32_usb_hid_device.o
    0x20000c98        -       0x0000002c   Zero   RW         3392    .bss                tm_stm32_usb_hid_device.o
    0x20000cc4   COMPRESSED   0x00000004   PAD
    0x20000cc8        -       0x00000400   Zero   RW            1    STACK               startup_stm32f103xb.o


==============================================================================

Image component sizes


      Code (inc. data)   RO Data    RW Data    ZI Data      Debug   Object Name

       340         30          0          0        116       1719   adc.o
        60          4          0          0          0        706   dma.o
       168         16          0          0          0        911   gpio.o
       882         54          0         20         12     439366   main.o
        36          8        236          0       1024        772   startup_stm32f103xb.o
       128         24          0         12          0       5089   stm32f1xx_hal.o
      1360         56          0          0          0       9550   stm32f1xx_hal_adc.o
         2          0          0          0          0       1021   stm32f1xx_hal_adc_ex.o
       198         14          0          0          0      28719   stm32f1xx_hal_cortex.o
       812         36          0          0          0       4778   stm32f1xx_hal_dma.o
       496         34          0          0          0       3928   stm32f1xx_hal_gpio.o
        60          8          0          0          0        818   stm32f1xx_hal_msp.o
      2934          0          0          0          0      13529   stm32f1xx_hal_pcd.o
        60          0          0          0          0       1114   stm32f1xx_hal_pcd_ex.o
      1276        100          0          0          0       5160   stm32f1xx_hal_rcc.o
       232         12          0          0          0       1380   stm32f1xx_hal_rcc_ex.o
      1530         10          0          0          0      10579   stm32f1xx_hal_uart.o
        80         30          0          0          0       5669   stm32f1xx_it.o
      2776          0          0          0          0      17815   stm32f1xx_ll_usb.o
         2          0         24          4          0       1023   system_stm32f1xx.o
       276         12          0          8        108       2854   tm_stm32_usb_hid_device.o
       368         44          0          0        204       2322   usart.o
        84         18          0          0        708        732   usb_device.o
       532         30          0          0        784      13021   usbd_conf.o
       670          0          0          0          0       9039   usbd_core.o
      1186         28          0          1          0       7816   usbd_ctlreq.o
        12          0          0        483          0       1976   usbd_custom_hid_if.o
       552         32          0        210          0      10435   usbd_customhid.o
       310        128          0         78        512       5765   usbd_desc.o
       132          0          0          0          0       4112   usbd_ioreq.o

    ----------------------------------------------------------------------
     17584        728        292        824       3472     611718   Object Totals
         0          0         32          0          0          0   (incl. Generated)
        30          0          0          8          4          0   (incl. Padding)

    ----------------------------------------------------------------------

      Code (inc. data)   RO Data    RW Data    ZI Data      Debug   Library Member Name

        86          0          0          0          0          0   __dczerorl2.o
         0          0          0          0          0          0   entry.o
         0          0          0          0          0          0   entry10a.o
         0          0          0          0          0          0   entry11a.o
         4          0          0          0          0          0   entry12b.o
         8          4          0          0          0          0   entry2.o
         4          0          0          0          0          0   entry5.o
         0          0          0          0          0          0   entry7b.o
         0          0          0          0          0          0   entry8b.o
         8          4          0          0          0          0   entry9a.o
        30          0          0          0          0          0   handlers.o
        36          8          0          0          0         68   init.o
        36          0          0          0          0         68   memcpya.o
        36          0          0          0          0        108   memseta.o

    ----------------------------------------------------------------------
       252         16          0          0          0        244   Library Totals
         4          0          0          0          0          0   (incl. Padding)

    ----------------------------------------------------------------------

      Code (inc. data)   RO Data    RW Data    ZI Data      Debug   Library Name

       248         16          0          0          0        244   mc_w.l

    ----------------------------------------------------------------------
       252         16          0          0          0        244   Library Totals

    ----------------------------------------------------------------------

==============================================================================


      Code (inc. data)   RO Data    RW Data    ZI Data      Debug   

     17836        744        292        824       3472     602782   Grand Totals
     17836        744        292        536       3472     602782   ELF Image Totals (compressed)
     17836        744        292        536          0          0   ROM Totals

==============================================================================

    Total RO  Size (Code + RO Data)                18128 (  17.70kB)
    Total RW  Size (RW Data + ZI Data)              4296 (   4.20kB)
    Total ROM Size (Code + RO Data + RW Data)      18664 (  18.23kB)

==============================================================================

