<html>
<body>
<pre>
<h1>�Vision Build Log</h1>
<h2>Tool Versions:</h2>
IDE-Version: ��Vision V5.34.0.0
Copyright (C) 2021 ARM Ltd and ARM Germany GmbH. All rights reserved.
License Information: Hammer flashflash123@163.com, hammer, LIC=585FJ-UVKCP-45FT5-GQXY7-QJ6C2-QP6LM
 
Tool Versions:
Toolchain:       MDK-ARM Plus  Version: 5.34.0.0
Toolchain Path:  E:\Keil_v5\ARM\ARMCC\Bin
C Compiler:      Armcc.exe V5.06 update 7 (build 960)
Assembler:       Armasm.exe V5.06 update 7 (build 960)
Linker/Locator:  ArmLink.exe V5.06 update 7 (build 960)
Library Manager: ArmAr.exe V5.06 update 7 (build 960)
Hex Converter:   FromElf.exe V5.06 update 7 (build 960)
CPU DLL:         SARMCM3.DLL V5.34.0.0
Dialog DLL:      DCM.DLL V1.17.3.0
Target DLL:      STLink\ST-LINKIII-KEIL_SWO.dll V3.0.8.0
Dialog DLL:      TCM.DLL V1.48.0.0
 
<h2>Project:</h2>
D:\STM32F103C8_USBHID\MDK-ARM\STM32F103C8_USBHID.uvprojx
Project File Date:  08/29/2023

<h2>Output:</h2>
*** Using Compiler 'V5.06 update 7 (build 960)', folder: 'E:\Keil_v5\ARM\ARMCC\Bin'
Build target 'STM32F103C8_USBHID'
compiling main.c...
../Core/Src/main.c(190): warning:  #188-D: enumerated type mixed with another type
      DS4_1.L2 = (DS4_1.L2Trigger > 100) ? 1 : 0; // 可能导致不灵敏？
../Core/Src/main.c(191): warning:  #188-D: enumerated type mixed with another type
      DS4_1.R2 = (DS4_1.R2Trigger > 100) ? 1 : 0;
../Core/Src/main.c(195): warning:  #188-D: enumerated type mixed with another type
      TM_USB_HIDDEVICE_DualShock4_Send(0x01, &DS4_1);
../Core/Src/main.c(251): warning:  #188-D: enumerated type mixed with another type
    DS4_1.Left = HAL_GPIO_ReadPin(GPIOB, GPIO_PIN_3) ? 0 : 1;
../Core/Src/main.c(252): warning:  #188-D: enumerated type mixed with another type
    DS4_1.Up = HAL_GPIO_ReadPin(GPIOB, GPIO_PIN_4) ? 0 : 1;
../Core/Src/main.c(253): warning:  #188-D: enumerated type mixed with another type
    DS4_1.right = HAL_GPIO_ReadPin(GPIOB, GPIO_PIN_5) ? 0 : 1;
../Core/Src/main.c(254): warning:  #188-D: enumerated type mixed with another type
    DS4_1.down = HAL_GPIO_ReadPin(GPIOB, GPIO_PIN_6) ? 0 : 1;
../Core/Src/main.c(256): warning:  #188-D: enumerated type mixed with another type
    DS4_1.rectangle = HAL_GPIO_ReadPin(GPIOB, GPIO_PIN_12) ? 0 : 1;
../Core/Src/main.c(257): warning:  #188-D: enumerated type mixed with another type
    DS4_1.Triangle = HAL_GPIO_ReadPin(GPIOB, GPIO_PIN_13) ? 0 : 1;
../Core/Src/main.c(258): warning:  #188-D: enumerated type mixed with another type
    DS4_1.circle = HAL_GPIO_ReadPin(GPIOB, GPIO_PIN_14) ? 0 : 1;
../Core/Src/main.c(259): warning:  #188-D: enumerated type mixed with another type
    DS4_1.cross = HAL_GPIO_ReadPin(GPIOB, GPIO_PIN_15) ? 0 : 1;
../Core/Src/main.c(261): warning:  #188-D: enumerated type mixed with another type
    DS4_1.R3 = HAL_GPIO_ReadPin(GPIOA, GPIO_PIN_5) ? 0 : 1;
../Core/Src/main.c(262): warning:  #188-D: enumerated type mixed with another type
    DS4_1.L3 = HAL_GPIO_ReadPin(GPIOA, GPIO_PIN_0) ? 0 : 1;
../Core/Src/main.c(263): warning:  #188-D: enumerated type mixed with another type
    DS4_1.R1 = HAL_GPIO_ReadPin(GPIOB, GPIO_PIN_7) ? 0 : 1;
../Core/Src/main.c(264): warning:  #188-D: enumerated type mixed with another type
    DS4_1.L1 = HAL_GPIO_ReadPin(GPIOB, GPIO_PIN_9) ? 0 : 1;
../Core/Src/main.c: 15 warnings, 0 errors
linking...
Program Size: Code=17836 RO-data=292 RW-data=824 ZI-data=3472  
FromELF: creating hex file...
"STM32F103C8_USBHID\STM32F103C8_USBHID.axf" - 0 Error(s), 15 Warning(s).

<h2>Software Packages used:</h2>

Package Vendor: ARM
                http://www.keil.com/pack/ARM.CMSIS.5.7.0.pack
                ARM.CMSIS.5.7.0
                CMSIS (Cortex Microcontroller Software Interface Standard)
   * Component: CORE Version: 5.4.0

Package Vendor: Keil
                http://www.keil.com/pack/Keil.STM32F1xx_DFP.2.4.0.pack
                Keil.STM32F1xx_DFP.2.4.0
                STMicroelectronics STM32F1 Series Device Support, Drivers and Examples

<h2>Collection of Component include folders:</h2>
  .\RTE\_STM32F103C8_USBHID
  E:\Users\flash\AppData\Local\Arm\Packs\ARM\CMSIS\5.7.0\CMSIS\Core\Include
  E:\Users\flash\AppData\Local\Arm\Packs\Keil\STM32F1xx_DFP\2.4.0\Device\Include

<h2>Collection of Component Files used:</h2>

   * Component: ARM::CMSIS:CORE:5.4.0
      Include file:  CMSIS\Core\Include\tz_context.h
Build Time Elapsed:  00:00:01
</pre>
</body>
</html>
