<html>
<body>
<pre>
<h1>µVision Build Log</h1>
<h2>Tool Versions:</h2>
IDE-Version: ¦ÌVision V5.34.0.0
Copyright (C) 2021 ARM Ltd and ARM Germany GmbH. All rights reserved.
License Information: Hammer flashflash123@163.com, hammer, LIC=585FJ-UVKCP-45FT5-GQXY7-QJ6C2-QP6LM
 
Tool Versions:
Toolchain:       MDK-ARM Plus  Version: 5.34.0.0
Toolchain Path:  E:\Keil_v5\ARM\ARMCC\Bin
C Compiler:      Armcc.exe V5.06 update 7 (build 960)
Assembler:       Armasm.exe V5.06 update 7 (build 960)
Linker/Locator:  ArmLink.exe V5.06 update 7 (build 960)
Library Manager: ArmAr.exe V5.06 update 7 (build 960)
Hex Converter:   FromElf.exe V5.06 update 7 (build 960)
CPU DLL:         SARMCM3.DLL V5.34.0.0
Dialog DLL:      DCM.DLL V1.17.3.0
Target DLL:      STLink\ST-LINKIII-KEIL_SWO.dll V3.0.8.0
Dialog DLL:      TCM.DLL V1.48.0.0
 
<h2>Project:</h2>
D:\STM32F103C8_USBHID\MDK-ARM\STM32F103C8_USBHID.uvprojx
Project File Date:  08/29/2023

<h2>Output:</h2>
*** Using Compiler 'V5.06 update 7 (build 960)', folder: 'E:\Keil_v5\ARM\ARMCC\Bin'
Rebuild target 'STM32F103C8_USBHID'
assembling startup_stm32f103xb.s...
compiling stm32f1xx_hal_gpio_ex.c...
compiling usart.c...
compiling usbd_desc.c...
compiling adc.c...
compiling stm32f1xx_it.c...
compiling usbd_custom_hid_if.c...
compiling main.c...
../Core/Src/main.c(162): warning:  #188-D: enumerated type mixed with another type
      TM_USB_HIDDEVICE_DualShock4_Send(0x01, &DS4_1);
../Core/Src/main.c: 1 warning, 0 errors
compiling stm32f1xx_hal_msp.c...
compiling dma.c...
compiling stm32f1xx_hal_pcd.c...
compiling gpio.c...
compiling usbd_conf.c...
compiling usb_device.c...
compiling stm32f1xx_hal_pcd_ex.c...
compiling stm32f1xx_hal_gpio.c...
compiling stm32f1xx_hal.c...
compiling stm32f1xx_hal_rcc.c...
compiling stm32f1xx_hal_rcc_ex.c...
compiling stm32f1xx_hal_exti.c...
compiling stm32f1xx_hal_cortex.c...
compiling stm32f1xx_hal_dma.c...
compiling stm32f1xx_hal_pwr.c...
compiling stm32f1xx_hal_flash_ex.c...
compiling stm32f1xx_hal_flash.c...
compiling stm32f1xx_ll_usb.c...
compiling stm32f1xx_hal_adc.c...
compiling stm32f1xx_hal_adc_ex.c...
compiling stm32f1xx_hal_tim.c...
compiling stm32f1xx_hal_tim_ex.c...
compiling system_stm32f1xx.c...
compiling usbd_core.c...
compiling usbd_ioreq.c...
compiling tm_stm32_usb_hid_device.c...
compiling usbd_customhid.c...
../Middlewares/ST/STM32_USB_Device_Library/Class/CustomHID/Src/usbd_customhid.c(232): warning:  #69-D: integer conversion resulted in truncation
    USBD_CUSTOM_HID_REPORT_DESC_SIZE,/*wItemLength: Total length of Report descriptor*/
../Middlewares/ST/STM32_USB_Device_Library/Class/CustomHID/Src/usbd_customhid.c(291): warning:  #69-D: integer conversion resulted in truncation
    USBD_CUSTOM_HID_REPORT_DESC_SIZE,/*wItemLength: Total length of Report descriptor*/
../Middlewares/ST/STM32_USB_Device_Library/Class/CustomHID/Src/usbd_customhid.c: 2 warnings, 0 errors
compiling usbd_ctlreq.c...
compiling stm32f1xx_hal_uart.c...
linking...
Program Size: Code=16840 RO-data=292 RW-data=812 ZI-data=3468  
FromELF: creating hex file...
"STM32F103C8_USBHID\STM32F103C8_USBHID.axf" - 0 Error(s), 3 Warning(s).

<h2>Software Packages used:</h2>

Package Vendor: ARM
                http://www.keil.com/pack/ARM.CMSIS.5.7.0.pack
                ARM.CMSIS.5.7.0
                CMSIS (Cortex Microcontroller Software Interface Standard)
   * Component: CORE Version: 5.4.0

Package Vendor: Keil
                http://www.keil.com/pack/Keil.STM32F1xx_DFP.2.4.0.pack
                Keil.STM32F1xx_DFP.2.4.0
                STMicroelectronics STM32F1 Series Device Support, Drivers and Examples

<h2>Collection of Component include folders:</h2>
  .\RTE\_STM32F103C8_USBHID
  E:\Users\flash\AppData\Local\Arm\Packs\ARM\CMSIS\5.7.0\CMSIS\Core\Include
  E:\Users\flash\AppData\Local\Arm\Packs\Keil\STM32F1xx_DFP\2.4.0\Device\Include

<h2>Collection of Component Files used:</h2>

   * Component: ARM::CMSIS:CORE:5.4.0
      Include file:  CMSIS\Core\Include\tz_context.h
Build Time Elapsed:  00:00:07
</pre>
</body>
</html>
